Component: ARM Compiler 5.06 (build 20) Tool: armlink [4d35a3]

==============================================================================

Section Cross References

    startup_stm32f429xx.o(RESET) refers to startup_stm32f429xx.o(STACK) for __initial_sp
    startup_stm32f429xx.o(RESET) refers to startup_stm32f429xx.o(.text) for Reset_Handler
    startup_stm32f429xx.o(RESET) refers to port.o(.emb_text) for SVC_Handler
    startup_stm32f429xx.o(RESET) refers to stm32f4xx_it.o(i.SysTick_Handler) for SysTick_Handler
    startup_stm32f429xx.o(RESET) refers to stm32f4xx_it.o(i.DMA1_Stream2_IRQHandler) for DMA1_Stream2_IRQHandler
    startup_stm32f429xx.o(RESET) refers to stm32f4xx_it.o(i.DMA1_Stream6_IRQHandler) for DMA1_Stream6_IRQHandler
    startup_stm32f429xx.o(RESET) refers to stm32f4xx_it.o(i.I2C2_EV_IRQHandler) for I2C2_EV_IRQHandler
    startup_stm32f429xx.o(RESET) refers to stm32f4xx_it.o(i.I2C2_ER_IRQHandler) for I2C2_ER_IRQHandler
    startup_stm32f429xx.o(RESET) refers to channel.o(i.USART2_IRQHandler) for USART2_IRQHandler
    startup_stm32f429xx.o(RESET) refers to stm32f4xx_it.o(i.DMA1_Stream7_IRQHandler) for DMA1_Stream7_IRQHandler
    startup_stm32f429xx.o(RESET) refers to stm32f4xx_it.o(i.ETH_IRQHandler) for ETH_IRQHandler
    startup_stm32f429xx.o(RESET) refers to stm32f4xx_it.o(i.OTG_FS_IRQHandler) for OTG_FS_IRQHandler
    startup_stm32f429xx.o(.text) refers to system_stm32f4xx.o(i.SystemInit) for SystemInit
    startup_stm32f429xx.o(.text) refers to entry.o(.ARM.Collect$$$$00000000) for __main
    heap_4.o(i.prvHeapInit) refers to heap_4.o(.bss) for .bss
    heap_4.o(i.prvHeapInit) refers to heap_4.o(.data) for .data
    heap_4.o(i.prvInsertBlockIntoFreeList) refers to heap_4.o(.data) for .data
    heap_4.o(i.pvPortMalloc) refers to tasks.o(i.vTaskSuspendAll) for vTaskSuspendAll
    heap_4.o(i.pvPortMalloc) refers to heap_4.o(i.prvHeapInit) for prvHeapInit
    heap_4.o(i.pvPortMalloc) refers to heap_4.o(i.prvInsertBlockIntoFreeList) for prvInsertBlockIntoFreeList
    heap_4.o(i.pvPortMalloc) refers to tasks.o(i.xTaskResumeAll) for xTaskResumeAll
    heap_4.o(i.pvPortMalloc) refers to heap_4.o(.data) for .data
    heap_4.o(i.vPortFree) refers to tasks.o(i.vTaskSuspendAll) for vTaskSuspendAll
    heap_4.o(i.vPortFree) refers to heap_4.o(i.prvInsertBlockIntoFreeList) for prvInsertBlockIntoFreeList
    heap_4.o(i.vPortFree) refers to tasks.o(i.xTaskResumeAll) for xTaskResumeAll
    heap_4.o(i.vPortFree) refers to heap_4.o(.data) for .data
    heap_4.o(i.xPortGetFreeHeapSize) refers to heap_4.o(.data) for .data
    heap_4.o(i.xPortGetMinimumEverFreeHeapSize) refers to heap_4.o(.data) for .data
    tasks.o(i.pcTaskGetName) refers to tasks.o(.data) for .data
    tasks.o(i.prvAddCurrentTaskToDelayedList) refers to list.o(i.uxListRemove) for uxListRemove
    tasks.o(i.prvAddCurrentTaskToDelayedList) refers to list.o(i.vListInsertEnd) for vListInsertEnd
    tasks.o(i.prvAddCurrentTaskToDelayedList) refers to list.o(i.vListInsert) for vListInsert
    tasks.o(i.prvAddCurrentTaskToDelayedList) refers to tasks.o(.data) for .data
    tasks.o(i.prvAddCurrentTaskToDelayedList) refers to tasks.o(.bss) for .bss
    tasks.o(i.prvAddNewTaskToReadyList) refers to port.o(i.vPortEnterCritical) for vPortEnterCritical
    tasks.o(i.prvAddNewTaskToReadyList) refers to list.o(i.vListInitialise) for vListInitialise
    tasks.o(i.prvAddNewTaskToReadyList) refers to list.o(i.vListInsertEnd) for vListInsertEnd
    tasks.o(i.prvAddNewTaskToReadyList) refers to port.o(i.vPortExitCritical) for vPortExitCritical
    tasks.o(i.prvAddNewTaskToReadyList) refers to tasks.o(.data) for .data
    tasks.o(i.prvAddNewTaskToReadyList) refers to tasks.o(.bss) for .bss
    tasks.o(i.prvCheckTasksWaitingTermination) refers to tasks.o(i.vTaskSuspendAll) for vTaskSuspendAll
    tasks.o(i.prvCheckTasksWaitingTermination) refers to tasks.o(i.xTaskResumeAll) for xTaskResumeAll
    tasks.o(i.prvCheckTasksWaitingTermination) refers to port.o(i.vPortEnterCritical) for vPortEnterCritical
    tasks.o(i.prvCheckTasksWaitingTermination) refers to list.o(i.uxListRemove) for uxListRemove
    tasks.o(i.prvCheckTasksWaitingTermination) refers to port.o(i.vPortExitCritical) for vPortExitCritical
    tasks.o(i.prvCheckTasksWaitingTermination) refers to tasks.o(i.prvDeleteTCB) for prvDeleteTCB
    tasks.o(i.prvCheckTasksWaitingTermination) refers to tasks.o(.bss) for .bss
    tasks.o(i.prvCheckTasksWaitingTermination) refers to tasks.o(.data) for .data
    tasks.o(i.prvDeleteTCB) refers to heap_4.o(i.vPortFree) for vPortFree
    tasks.o(i.prvIdleTask) refers to tasks.o(i.prvCheckTasksWaitingTermination) for prvCheckTasksWaitingTermination
    tasks.o(i.prvIdleTask) refers to tasks.o(.bss) for .bss
    tasks.o(i.prvInitialiseNewTask) refers to list.o(i.vListInitialiseItem) for vListInitialiseItem
    tasks.o(i.prvInitialiseNewTask) refers to port.o(i.pxPortInitialiseStack) for pxPortInitialiseStack
[...]
    malloc                                   0x0800864d   Thumb Code    92  malloc.o(i.malloc)
    mem_free                                 0x080086b9   Thumb Code   138  mem.o(i.mem_free)
    mem_init                                 0x080087f1   Thumb Code    72  mem.o(i.mem_init)
    mem_malloc                               0x080088b5   Thumb Code   274  mem.o(i.mem_malloc)
    mem_trim                                 0x08008ac5   Thumb Code   268  mem.o(i.mem_trim)
    memp_free                                0x08008c65   Thumb Code    34  memp.o(i.memp_free)
    memp_init                                0x08008d01   Thumb Code    26  memp.o(i.memp_init)
    memp_init_pool                           0x08008d21   Thumb Code    42  memp.o(i.memp_init_pool)
    memp_malloc                              0x08008d4d   Thumb Code    38  memp.o(i.memp_malloc)
    netif_add                                0x08008df1   Thumb Code   102  netif.o(i.netif_add)
    netif_init                               0x08008ed1   Thumb Code     2  netif.o(i.netif_init)
    netif_set_addr                           0x08008eed   Thumb Code    72  netif.o(i.netif_set_addr)
    netif_set_default                        0x08008f35   Thumb Code     6  netif.o(i.netif_set_default)
    netif_set_down                           0x08008f41   Thumb Code    26  netif.o(i.netif_set_down)
    netif_set_gw                             0x08008f5b   Thumb Code     8  netif.o(i.netif_set_gw)
    netif_set_ipaddr                         0x08008f65   Thumb Code    60  netif.o(i.netif_set_ipaddr)
    netif_set_netmask                        0x08008fa5   Thumb Code     8  netif.o(i.netif_set_netmask)
    netif_set_up                             0x08008fad   Thumb Code    28  netif.o(i.netif_set_up)
    osDelay                                  0x08008fc9   Thumb Code    14  cmsis_os.o(i.osDelay)
    osKernelStart                            0x08008fd7   Thumb Code    10  cmsis_os.o(i.osKernelStart)
    osKernelSysTick                          0x08008fe1   Thumb Code    24  cmsis_os.o(i.osKernelSysTick)
    osMessageCreate                          0x08008ff9   Thumb Code     8  cmsis_os.o(i.osMessageCreate)
    osMessageGet                             0x08009001   Thumb Code   146  cmsis_os.o(i.osMessageGet)
    osMessagePut                             0x08009099   Thumb Code    86  cmsis_os.o(i.osMessagePut)
    osMutexCreate                            0x080090f5   Thumb Code     6  cmsis_os.o(i.osMutexCreate)
    osMutexRelease                           0x080090fd   Thumb Code    74  cmsis_os.o(i.osMutexRelease)
    osMutexWait                              0x0800914d   Thumb Code   100  cmsis_os.o(i.osMutexWait)
    osSemaphoreCreate                        0x080091b5   Thumb Code    38  cmsis_os.o(i.osSemaphoreCreate)
    osSemaphoreRelease                       0x080091dd   Thumb Code    74  cmsis_os.o(i.osSemaphoreRelease)
    osSemaphoreWait                          0x0800922d   Thumb Code   100  cmsis_os.o(i.osSemaphoreWait)
    osSystickHandler                         0x08009295   Thumb Code    20  cmsis_os.o(i.osSystickHandler)
    osThreadCreate                           0x080092a9   Thumb Code    46  cmsis_os.o(i.osThreadCreate)
    pbuf_alloc                               0x080092d9   Thumb Code   472  pbuf.o(i.pbuf_alloc)
    pbuf_alloced_custom                      0x08009649   Thumb Code    98  pbuf.o(i.pbuf_alloced_custom)
    pbuf_cat                                 0x08009729   Thumb Code    96  pbuf.o(i.pbuf_cat)
    pbuf_clen                                0x08009859   Thumb Code    18  pbuf.o(i.pbuf_clen)
    pbuf_copy                                0x0800986d   Thumb Code   242  pbuf.o(i.pbuf_copy)
    pbuf_copy_partial                        0x08009a59   Thumb Code   126  pbuf.o(i.pbuf_copy_partial)
    pbuf_free                                0x08009b75   Thumb Code   190  pbuf.o(i.pbuf_free)
    pbuf_header                              0x08009d21   Thumb Code     6  pbuf.o(i.pbuf_header)
    pbuf_header_force                        0x08009d27   Thumb Code     6  pbuf.o(i.pbuf_header_force)
    pbuf_realloc                             0x08009e91   Thumb Code   196  pbuf.o(i.pbuf_realloc)
    pbuf_ref                                 0x0800a029   Thumb Code    46  pbuf.o(i.pbuf_ref)
    pollingThread                            0x0800a241   Thumb Code    94  rfid.o(i.pollingThread)
    processMessageFromRFID                   0x0800a2e9   Thumb Code    58  main.o(i.processMessageFromRFID)
    pvPortMalloc                             0x0800a7d5   Thumb Code   210  heap_4.o(i.pvPortMalloc)
    pvTaskIncrementMutexHeldCount            0x0800a8ad   Thumb Code    18  tasks.o(i.pvTaskIncrementMutexHeldCount)
    pxPortInitialiseStack                    0x0800a8c5   Thumb Code    40  port.o(i.pxPortInitialiseStack)
    sys_arch_mbox_fetch                      0x0800a8f1   Thumb Code    68  sys_arch.o(i.sys_arch_mbox_fetch)
    sys_arch_protect                         0x0800a935   Thumb Code    18  sys_arch.o(i.sys_arch_protect)
    sys_arch_unprotect                       0x0800a94d   Thumb Code     8  sys_arch.o(i.sys_arch_unprotect)
    sys_init                                 0x0800a9b1   Thumb Code    14  sys_arch.o(i.sys_init)
    sys_mbox_new                             0x0800a9c9   Thumb Code    34  sys_arch.o(i.sys_mbox_new)
    sys_mbox_post                            0x0800a9f1   Thumb Code    26  sys_arch.o(i.sys_mbox_post)
    sys_mbox_trypost                         0x0800aa0b   Thumb Code    20  sys_arch.o(i.sys_mbox_trypost)
    sys_mbox_valid                           0x0800aa1f   Thumb Code    10  sys_arch.o(i.sys_mbox_valid)
    sys_mutex_lock                           0x0800aa29   Thumb Code    10  sys_arch.o(i.sys_mutex_lock)
    sys_mutex_new                            0x0800aa33   Thumb Code    28  sys_arch.o(i.sys_mutex_new)
    sys_mutex_unlock                         0x0800aa4f   Thumb Code     6  sys_arch.o(i.sys_mutex_unlock)
    sys_now                                  0x0800aa55   Thumb Code     4  ethernetif.o(i.sys_now)
    sys_thread_new                           0x0800aa59   Thumb Code    48  sys_arch.o(i.sys_thread_new)
    sys_timeout                              0x0800aa89   Thumb Code   158  timeouts.o(i.sys_timeout)
    sys_timeouts_init                        0x0800abc9   Thumb Code    38  timeouts.o(i.sys_timeouts_init)
    sys_timeouts_mbox_fetch                  0x0800abfd   Thumb Code    66  timeouts.o(i.sys_timeouts_mbox_fetch)
    tcp_abandon                              0x0800ac45   Thumb Code   226  tcp.o(i.tcp_abandon)
    tcp_abort                                0x0800adb9   Thumb Code     6  tcp.o(i.tcp_abort)
    tcp_alloc                                0x0800adc1   Thumb Code   240  tcp.o(i.tcp_alloc)
    tcp_close                                0x0800aebd   Thumb Code    20  tcp.o(i.tcp_close)
    tcp_eff_send_mss_impl                    0x0800b23d   Thumb Code    34  tcp.o(i.tcp_eff_send_mss_impl)
    tcp_enqueue_flags                        0x0800b261   Thumb Code   260  tcp_out.o(i.tcp_enqueue_flags)
    tcp_fasttmr                              0x0800b46d   Thumb Code   102  tcp.o(i.tcp_fasttmr)
    tcp_init                                 0x0800b509   Thumb Code     2  tcp.o(i.tcp_init)
    tcp_input                                0x0800b50d   Thumb Code  1488  tcp_in.o(i.tcp_input)
    tcp_keepalive                            0x0800bb1d   Thumb Code    82  tcp_out.o(i.tcp_keepalive)
    tcp_netif_ip_addr_changed                0x0800bded   Thumb Code    72  tcp.o(i.tcp_netif_ip_addr_changed)
    tcp_next_iss                             0x0800be5d   Thumb Code    12  tcp.o(i.tcp_next_iss)
    tcp_output                               0x0800bee5   Thumb Code   554  tcp_out.o(i.tcp_output)
    tcp_pcb_purge                            0x0800c3d9   Thumb Code    66  tcp.o(i.tcp_pcb_purge)
    tcp_pcb_remove                           0x0800c41d   Thumb Code   140  tcp.o(i.tcp_pcb_remove)
    tcp_process_refused_data                 0x0800c9d1   Thumb Code   108  tcp.o(i.tcp_process_refused_data)
    tcp_recv_null                            0x0800d45b   Thumb Code    36  tcp.o(i.tcp_recv_null)
    tcp_recved                               0x0800d481   Thumb Code   106  tcp.o(i.tcp_recved)
    tcp_rexmit                               0x0800d591   Thumb Code    86  tcp_out.o(i.tcp_rexmit)
    tcp_rexmit_fast                          0x0800d5e7   Thumb Code    88  tcp_out.o(i.tcp_rexmit_fast)
    tcp_rexmit_rto                           0x0800d63f   Thumb Code    50  tcp_out.o(i.tcp_rexmit_rto)
    tcp_rst                                  0x0800d671   Thumb Code   148  tcp_out.o(i.tcp_rst)
    tcp_seg_copy                             0x0800d791   Thumb Code    40  tcp.o(i.tcp_seg_copy)
    tcp_seg_free                             0x0800d7b9   Thumb Code    28  tcp.o(i.tcp_seg_free)
    tcp_segs_free                            0x0800d7d5   Thumb Code    18  tcp.o(i.tcp_segs_free)
    tcp_send_empty_ack                       0x0800d7e7   Thumb Code   114  tcp_out.o(i.tcp_send_empty_ack)
    tcp_send_fin                             0x0800d859   Thumb Code    68  tcp_out.o(i.tcp_send_fin)
    tcp_slowtmr                              0x0800d89d   Thumb Code   784  tcp.o(i.tcp_slowtmr)
    tcp_timer_needed                         0x0800dd75   Thumb Code    36  timeouts.o(i.tcp_timer_needed)
    tcp_tmr                                  0x0800de11   Thumb Code    28  tcp.o(i.tcp_tmr)
    tcp_trigger_input_pcb_close              0x0800de31   Thumb Code    12  tcp_in.o(i.tcp_trigger_input_pcb_close)
    tcp_update_rcv_ann_wnd                   0x0800de41   Thumb Code    76  tcp.o(i.tcp_update_rcv_ann_wnd)
    tcp_zero_window_probe                    0x0800df01   Thumb Code   180  tcp_out.o(i.tcp_zero_window_probe)
    tcpip_callback_with_block                0x0800dfb5   Thumb Code    94  tcpip.o(i.tcpip_callback_with_block)
    tcpip_init                               0x0800e081   Thumb Code    88  tcpip.o(i.tcpip_init)
    tcpip_inpkt                              0x0800e191   Thumb Code    82  tcpip.o(i.tcpip_inpkt)
    tcpip_input                              0x0800e251   Thumb Code    20  tcpip.o(i.tcpip_input)
    toggleBlueLed                            0x0800e39d   Thumb Code     8  main.o(i.toggleBlueLed)
    udp_init                                 0x0800e3a9   Thumb Code     2  udp.o(i.udp_init)
    udp_input                                0x0800e3ad   Thumb Code   296  udp.o(i.udp_input)
    udp_netif_ip_addr_changed                0x0800e549   Thumb Code    48  udp.o(i.udp_netif_ip_addr_changed)
    usart_infifo_put                         0x0800e57d   Thumb Code    44  channel.o(i.usart_infifo_put)
    uxListRemove                             0x0800e5b1   Thumb Code    36  list.o(i.uxListRemove)
    vListInitialise                          0x0800e5d5   Thumb Code    22  list.o(i.vListInitialise)
    vListInitialiseItem                      0x0800e5eb   Thumb Code     6  list.o(i.vListInitialiseItem)
    vListInsert                              0x0800e5f1   Thumb Code    48  list.o(i.vListInsert)
    vListInsertEnd                           0x0800e621   Thumb Code    24  list.o(i.vListInsertEnd)
    vPortEnterCritical                       0x0800e639   Thumb Code    54  port.o(i.vPortEnterCritical)
    vPortExitCritical                        0x0800e679   Thumb Code    34  port.o(i.vPortExitCritical)
    vPortFree                                0x0800e6a1   Thumb Code    88  heap_4.o(i.vPortFree)
    vPortSetupTimerInterrupt                 0x0800e6fd   Thumb Code    26  port.o(i.vPortSetupTimerInterrupt)
    vPortValidateInterruptPriority           0x0800e71d   Thumb Code    74  port.o(i.vPortValidateInterruptPriority)
    vTaskDelay                               0x0800e771   Thumb Code    66  tasks.o(i.vTaskDelay)
    vTaskDelayUntil                          0x0800e7bd   Thumb Code   132  tasks.o(i.vTaskDelayUntil)
    vTaskMissedYield                         0x0800e849   Thumb Code     8  tasks.o(i.vTaskMissedYield)
    vTaskPlaceOnEventList                    0x0800e855   Thumb Code    44  tasks.o(i.vTaskPlaceOnEventList)
    vTaskPriorityInherit                     0x0800e885   Thumb Code   124  tasks.o(i.vTaskPriorityInherit)
    vTaskSetTimeOutState                     0x0800e909   Thumb Code    30  tasks.o(i.vTaskSetTimeOutState)
    vTaskStartScheduler                      0x0800e92d   Thumb Code    86  tasks.o(i.vTaskStartScheduler)
    vTaskSuspendAll                          0x0800e995   Thumb Code    10  tasks.o(i.vTaskSuspendAll)
    vTaskSwitchContext                       0x0800e9a5   Thumb Code    82  tasks.o(i.vTaskSwitchContext)
    xPortStartScheduler                      0x0800ea01   Thumb Code   202  port.o(i.xPortStartScheduler)
    xPortSysTickHandler                      0x0800eae1   Thumb Code    38  port.o(i.xPortSysTickHandler)
    xQueueCreateMutex                        0x0800eb0d   Thumb Code    36  queue.o(i.xQueueCreateMutex)
    xQueueGenericCreate                      0x0800eb31   Thumb Code    72  queue.o(i.xQueueGenericCreate)
    xQueueGenericReceive                     0x0800eb79   Thumb Code   360  queue.o(i.xQueueGenericReceive)
    xQueueGenericReset                       0x0800ece5   Thumb Code   132  queue.o(i.xQueueGenericReset)
    xQueueGenericSend                        0x0800ed6d   Thumb Code   346  queue.o(i.xQueueGenericSend)
    xQueueGenericSendFromISR                 0x0800eecd   Thumb Code   188  queue.o(i.xQueueGenericSendFromISR)
    xQueueGiveFromISR                        0x0800ef89   Thumb Code   156  queue.o(i.xQueueGiveFromISR)
    xQueueReceiveFromISR                     0x0800f025   Thumb Code   154  queue.o(i.xQueueReceiveFromISR)
    xTaskCheckForTimeOut                     0x0800f0c1   Thumb Code   102  tasks.o(i.xTaskCheckForTimeOut)
    xTaskCreate                              0x0800f12d   Thumb Code    86  tasks.o(i.xTaskCreate)
    xTaskGetSchedulerState                   0x0800f185   Thumb Code    22  tasks.o(i.xTaskGetSchedulerState)
    xTaskGetTickCount                        0x0800f1a1   Thumb Code     6  tasks.o(i.xTaskGetTickCount)
    xTaskGetTickCountFromISR                 0x0800f1ad   Thumb Code    12  tasks.o(i.xTaskGetTickCountFromISR)
    xTaskIncrementTick                       0x0800f1bd   Thumb Code   192  tasks.o(i.xTaskIncrementTick)
    xTaskPriorityDisinherit                  0x0800f285   Thumb Code   144  tasks.o(i.xTaskPriorityDisinherit)
    xTaskRemoveFromEventList                 0x0800f31d   Thumb Code   108  tasks.o(i.xTaskRemoveFromEventList)
    xTaskResumeAll                           0x0800f391   Thumb Code   182  tasks.o(i.xTaskResumeAll)
    AHBPrescTable                            0x0800f45c   Data          16  system_stm32f4xx.o(.constdata)
    APBPrescTable                            0x0800f46c   Data           8  system_stm32f4xx.o(.constdata)
    lwip_cyclic_timers                       0x0800f4b4   Data          24  timeouts.o(.constdata)
    os_mutex_def_lwip_sys_mutex              0x0800f4cc   Data           4  sys_arch.o(.constdata)
    ethbroadcast                             0x0800f4d8   Data           6  ethernet.o(.constdata)
    ethzero                                  0x0800f4de   Data           6  ethernet.o(.constdata)
    memp_UDP_PCB                             0x0800f4e4   Data          12  memp.o(.constdata)
    memp_TCP_PCB                             0x0800f4f0   Data          12  memp.o(.constdata)
    memp_TCP_PCB_LISTEN                      0x0800f4fc   Data          12  memp.o(.constdata)
    memp_TCP_SEG                             0x0800f508   Data          12  memp.o(.constdata)
    memp_REASSDATA                           0x0800f514   Data          12  memp.o(.constdata)
    memp_FRAG_PBUF                           0x0800f520   Data          12  memp.o(.constdata)
    memp_NETBUF                              0x0800f52c   Data          12  memp.o(.constdata)
    memp_NETCONN                             0x0800f538   Data          12  memp.o(.constdata)
    memp_TCPIP_MSG_API                       0x0800f544   Data          12  memp.o(.constdata)
    memp_TCPIP_MSG_INPKT                     0x0800f550   Data          12  memp.o(.constdata)
    memp_SYS_TIMEOUT                         0x0800f55c   Data          12  memp.o(.constdata)
    memp_PBUF                                0x0800f568   Data          12  memp.o(.constdata)
    memp_PBUF_POOL                           0x0800f574   Data          12  memp.o(.constdata)
    memp_pools                               0x0800f580   Data          52  memp.o(.constdata)
    ip_addr_any                              0x0800f5b4   Data           4  ip4_addr.o(.constdata)
    tcp_pcb_lists                            0x0800f5fc   Data          16  tcp.o(.constdata)
    Region$$Table$$Base                      0x0800f740   Number         0  anon$$obj.o(Region$$Table)
    Region$$Table$$Limit                     0x0800f760   Number         0  anon$$obj.o(Region$$Table)
    pxCurrentTCB                             0x20000018   Data           4  tasks.o(.data)
    uwTickFreq                               0x20000060   Data           1  stm32f4xx_hal.o(.data)
    uwTickPrio                               0x20000064   Data           4  stm32f4xx_hal.o(.data)
    uwTick                                   0x20000068   Data           4  stm32f4xx_hal.o(.data)
    USBD_CDC_CfgHSDesc                       0x20000080   Data          67  usbd_cdc.o(.data)
    USBD_CDC_CfgFSDesc                       0x200000c4   Data          67  usbd_cdc.o(.data)
    USBD_CDC_OtherSpeedCfgDesc               0x20000108   Data          67  usbd_cdc.o(.data)
    USBD_CDC                                 0x2000014c   Data          56  usbd_cdc.o(.data)
    SystemCoreClock                          0x20000184   Data           4  system_stm32f4xx.o(.data)
    s_xSemaphore                             0x20000188   Data           4  ethernetif.o(.data)
    USBD_Interface_fops_FS                   0x2000018c   Data          16  usbd_cdc_if.o(.data)
    defaultTaskHandle                        0x2000019c   Data           4  main.o(.data)
    mainQueue                                0x200001a0   Data           4  main.o(.data)
    ipaddr                                   0x200001a4   Data           4  lwip.o(.data)
    netmask                                  0x200001a8   Data           4  lwip.o(.data)
    gw                                       0x200001ac   Data           4  lwip.o(.data)
    IP_ADDRESS                               0x200001b0   Data           4  lwip.o(.data)
    NETMASK_ADDRESS                          0x200001b4   Data           4  lwip.o(.data)
    GATEWAY_ADDRESS                          0x200001b8   Data           4  lwip.o(.data)
    FS_Desc                                  0x200001bc   Data          28  usbd_desc.o(.data)
    USBD_LangIDDesc                          0x200001d8   Data           4  usbd_desc.o(.data)
    USBD_FS_DeviceDesc                       0x200001dc   Data          18  usbd_desc.o(.data)
    isCardSelected                           0x200001f0   Data           1  rfid.o(.data)
    hTaskTag                                 0x200001f1   Data           1  rfid.o(.data)
    lastSelectedCardId                       0x200001f4   Data           4  rfid.o(.data)
    pollingTaskHandle                        0x200001f8   Data           4  rfid.o(.data)
    hQueue                                   0x200001fc   Data           4  rfid.o(.data)
    chipSelectPin                            0x20000200   Data           2  rc522.o(.data)
    hspi                                     0x20000204   Data           4  rc522.o(.data)
    chipSelectPort                           0x20000208   Data           4  rc522.o(.data)
    lcdCommandBuffer                         0x2000020c   Data           6  lcd_hd44780_i2c.o(.data)
    fifo_in_is_full                          0x20000214   Data           1  channel.o(.data)
    fifo_in_pos_start                        0x20000218   Data           4  channel.o(.data)
    fifo_in_pos_end                          0x2000021c   Data           4  channel.o(.data)
    uart                                     0x20000220   Data           4  channel.o(.data)
    dispatcherTaskHandle                     0x20000224   Data           4  channel.o(.data)
    hGetStringEvent                          0x20000228   Data           4  channel.o(.data)
    tcp_input_pcb                            0x2000024c   Data           4  tcp_in.o(.data)
    pbuf_free_ooseq_pending                  0x20000250   Data           1  pbuf.o(.data)
    netif_list                               0x20000264   Data           4  netif.o(.data)
    netif_default                            0x20000268   Data           4  netif.o(.data)
    lwip_sys_mutex                           0x20000284   Data           4  sys_arch.o(.data)
    lock_tcpip_core                          0x20000298   Data           4  tcpip.o(.data)
    udp_pcbs                                 0x200002d8   Data           4  udp.o(.data)
    tcp_active_pcbs_changed                  0x200002dc   Data           1  tcp.o(.data)
    tcp_ticks                                0x200002e8   Data           4  tcp.o(.data)
    tcp_bound_pcbs                           0x200002ec   Data           4  tcp.o(.data)
    tcp_listen_pcbs                          0x200002f0   Data           4  tcp.o(.data)
    tcp_active_pcbs                          0x200002f4   Data           4  tcp.o(.data)
    tcp_tw_pcbs                              0x200002f8   Data           4  tcp.o(.data)
    __stdout                                 0x200002fc   Data           4  stdout.o(.data)
    __microlib_freelist                      0x20000300   Data           4  mvars.o(.data)
    __microlib_freelist_initialised          0x20000304   Data           4  mvars.o(.data)
    DMARxDscrTab                             0x20003ff8   Data         128  ethernetif.o(.bss)
    DMATxDscrTab                             0x20004078   Data         128  ethernetif.o(.bss)
    Rx_Buff                                  0x200040f8   Data        6096  ethernetif.o(.bss)
    Tx_Buff                                  0x200058c8   Data        6096  ethernetif.o(.bss)
    heth                                     0x20007098   Data          72  ethernetif.o(.bss)
    UserRxBufferFS                           0x200070e0   Data        2048  usbd_cdc_if.o(.bss)
    UserTxBufferFS                           0x200078e0   Data        2048  usbd_cdc_if.o(.bss)
    hi2c2                                    0x200080e0   Data          84  main.o(.bss)
    hrng                                     0x20008134   Data          12  main.o(.bss)
    hspi4                                    0x20008140   Data          88  main.o(.bss)
    huart2                                   0x20008198   Data          64  main.o(.bss)
    huart3                                   0x200081d8   Data          64  main.o(.bss)
    hdma_i2c2_rx                             0x20008218   Data          96  main.o(.bss)
    hdma_i2c2_tx                             0x20008278   Data          96  main.o(.bss)
    hdma_usart2_tx                           0x200082d8   Data          96  main.o(.bss)
    gnetif                                   0x20008338   Data          48  lwip.o(.bss)
    hUsbDeviceFS                             0x20008368   Data         548  usb_device.o(.bss)
    hpcd_USB_OTG_FS                          0x2000858c   Data        1008  usbd_conf.o(.bss)
    USBD_StrDesc                             0x2000897c   Data         512  usbd_desc.o(.bss)
    fifo_in                                  0x20008b88   Data         128  channel.o(.bss)
    ip_data                                  0x20008c18   Data          24  ip.o(.bss)
    ram_heap                                 0x20008c30   Data        1619  mem.o(.bss)
    memp_memory_UDP_PCB_base                 0x20009283   Data         131  memp.o(.bss)
    memp_memory_TCP_PCB_base                 0x20009306   Data         763  memp.o(.bss)
    memp_memory_TCP_PCB_LISTEN_base          0x20009601   Data         227  memp.o(.bss)
    memp_memory_TCP_SEG_base                 0x200096e4   Data         259  memp.o(.bss)
    memp_memory_REASSDATA_base               0x200097e7   Data         163  memp.o(.bss)
    memp_memory_FRAG_PBUF_base               0x2000988a   Data         363  memp.o(.bss)
    memp_memory_NETBUF_base                  0x200099f5   Data          35  memp.o(.bss)
    memp_memory_NETCONN_base                 0x20009a18   Data         179  memp.o(.bss)
    memp_memory_TCPIP_MSG_API_base           0x20009acb   Data         131  memp.o(.bss)
    memp_memory_TCPIP_MSG_INPKT_base         0x20009b4e   Data         131  memp.o(.bss)
    memp_memory_SYS_TIMEOUT_base             0x20009bd1   Data          51  memp.o(.bss)
    memp_memory_PBUF_base                    0x20009c04   Data         259  memp.o(.bss)
    memp_memory_PBUF_POOL_base               0x20009d07   Data        9731  memp.o(.bss)
    __heap_base                              0x2000c400   Data           0  startup_stm32f429xx.o(HEAP)
    __heap_limit                             0x2000e400   Data           0  startup_stm32f429xx.o(HEAP)
    __initial_sp                             0x20012400   Data           0  startup_stm32f429xx.o(STACK)



==============================================================================

Memory Map of the image

  Image Entry point : 0x080001ad

  Load Region LR_IROM1 (Base: 0x08000000, Size: 0x0000fa68, Max: 0x00200000, ABSOLUTE, COMPRESSED[0x0000f82c])

    Execution Region ER_IROM1 (Base: 0x08000000, Size: 0x0000f760, Max: 0x00200000, ABSOLUTE)

    Base Addr    Size         Type   Attr      Idx    E Section Name        Object

    0x08000000   0x000001ac   Data   RO            3    RESET               startup_stm32f429xx.o
    0x080001ac   0x00000000   Code   RO         9956  * .ARM.Collect$$$$00000000  mc_w.l(entry.o)
    0x080001ac   0x00000004   Code   RO        10268    .ARM.Collect$$$$00000001  mc_w.l(entry2.o)
    0x080001b0   0x00000004   Code   RO        10271    .ARM.Collect$$$$00000004  mc_w.l(entry5.o)
    0x080001b4   0x00000000   Code   RO        10273    .ARM.Collect$$$$00000008  mc_w.l(entry7b.o)
    0x080001b4   0x00000000   Code   RO        10275    .ARM.Collect$$$$0000000A  mc_w.l(entry8b.o)
    0x080001b4   0x00000008   Code   RO        10276    .ARM.Collect$$$$0000000B  mc_w.l(entry9a.o)
    0x080001bc   0x00000000   Code   RO        10278    .ARM.Collect$$$$0000000D  mc_w.l(entry10a.o)
    0x080001bc   0x00000000   Code   RO        10280    .ARM.Collect$$$$0000000F  mc_w.l(entry11a.o)
    0x080001bc   0x00000004   Code   RO        10269    .ARM.Collect$$$$00002712  mc_w.l(entry2.o)
    0x080001c0   0x000000ba   Code   RO         1010    .emb_text           port.o
    0x0800027a   0x00000002   PAD
    0x0800027c   0x00000024   Code   RO            4    .text               startup_stm32f429xx.o
    0x080002a0   0x00000062   Code   RO         9965    .text               mc_w.l(uldiv.o)
    0x08000302   0x00000024   Code   RO         9967    .text               mc_w.l(memcpya.o)
    0x08000326   0x00000024   Code   RO         9969    .text               mc_w.l(memseta.o)
    0x0800034a   0x0000000e   Code   RO         9971    .text               mc_w.l(strlen.o)
    0x08000358   0x0000001a   Code   RO         9973    .text               mc_w.l(memcmp.o)
    0x08000372   0x0000001e   Code   RO        10284    .text               mc_w.l(llshl.o)
    0x08000390   0x00000020   Code   RO        10286    .text               mc_w.l(llushr.o)
    0x080003b0   0x00000024   Code   RO        10301    .text               mc_w.l(init.o)
    0x080003d4   0x00000056   Code   RO        10315    .text               mc_w.l(__dczerorl2.o)
    0x0800042a   0x00000004   Code   RO         4886    i.CDC_Control_FS    usbd_cdc_if.o
    0x0800042e   0x00000004   Code   RO         4887    i.CDC_DeInit_FS     usbd_cdc_if.o
    0x08000432   0x00000002   PAD
    0x08000434   0x00000024   Code   RO         4888    i.CDC_Init_FS       usbd_cdc_if.o
    0x08000458   0x00000018   Code   RO         4889    i.CDC_Receive_FS    usbd_cdc_if.o
    0x08000470   0x0000000c   Code   RO         5954    i.Channel_init      channel.o
    0x0800047c   0x0000000c   Code   RO         5015    i.DMA1_Stream2_IRQHandler  stm32f4xx_it.o
    0x08000488   0x0000000c   Code   RO         5016    i.DMA1_Stream6_IRQHandler  stm32f4xx_it.o
    0x08000494   0x0000000c   Code   RO         5017    i.DMA1_Stream7_IRQHandler  stm32f4xx_it.o
    0x080004a0   0x00000028   Code   RO         3075    i.DMA_CalcBaseAndBitshift  stm32f4xx_hal_dma.o
    0x080004c8   0x00000054   Code   RO         3076    i.DMA_CheckFifoParam  stm32f4xx_hal_dma.o
    0x0800051c   0x00000028   Code   RO         3077    i.DMA_SetConfig     stm32f4xx_hal_dma.o
    0x08000544   0x00000080   Code   RO         5822    i.Display_PrintStr  display.o
    0x080005c4   0x00000006   Code   RO         5823    i.Display_PrintStrCenter  display.o
    0x080005ca   0x00000006   Code   RO         5824    i.Display_PrintStrLeft  display.o
    0x080005d0   0x0000000e   Code   RO         5825    i.Display_clear     display.o
    0x080005de   0x00000010   Code   RO         5826    i.Display_init      display.o
    0x080005ee   0x00000002   PAD
    0x080005f0   0x00000020   Code   RO         2473    i.ETH_Delay         stm32f4xx_hal_eth.o
    0x08000610   0x0000002e   Code   RO         2474    i.ETH_FlushTransmitFIFO  stm32f4xx_hal_eth.o
    0x0800063e   0x00000002   PAD
    0x08000640   0x0000000c   Code   RO         5018    i.ETH_IRQHandler    stm32f4xx_it.o
    0x0800064c   0x00000124   Code   RO         2475    i.ETH_MACDMAConfig  stm32f4xx_hal_eth.o
    0x08000770   0x00000024   Code   RO         3079    i.HAL_DMA_Abort_IT  stm32f4xx_hal_dma.o
    0x08000794   0x00000004   Code   RO         3081    i.HAL_DMA_GetError  stm32f4xx_hal_dma.o
    0x08000798   0x000001a0   Code   RO         3083    i.HAL_DMA_IRQHandler  stm32f4xx_hal_dma.o
    0x08000938   0x000000d4   Code   RO         3084    i.HAL_DMA_Init      stm32f4xx_hal_dma.o
    0x08000a0c   0x00000078   Code   RO         3088    i.HAL_DMA_Start_IT  stm32f4xx_hal_dma.o
    0x08000a84   0x00000024   Code   RO         3218    i.HAL_Delay         stm32f4xx_hal.o
    0x08000aa8   0x00000074   Code   RO         2478    i.HAL_ETH_DMARxDescListInit  stm32f4xx_hal_eth.o
    0x08000b1c   0x00000078   Code   RO         2479    i.HAL_ETH_DMATxDescListInit  stm32f4xx_hal_eth.o
    0x08000b94   0x00000002   Code   RO         2481    i.HAL_ETH_ErrorCallback  stm32f4xx_hal_eth.o
    0x08000b96   0x00000088   Code   RO         2483    i.HAL_ETH_GetReceivedFrame_IT  stm32f4xx_hal_eth.o
    0x08000c1e   0x0000007a   Code   RO         2485    i.HAL_ETH_IRQHandler  stm32f4xx_hal_eth.o
    0x08000c98   0x000001ec   Code   RO         2486    i.HAL_ETH_Init      stm32f4xx_hal_eth.o
    0x08000e84   0x000000c4   Code   RO         4690    i.HAL_ETH_MspInit   ethernetif.o
    0x08000f48   0x00000084   Code   RO         2489    i.HAL_ETH_ReadPHYRegister  stm32f4xx_hal_eth.o
    0x08000fcc   0x0000000c   Code   RO         4691    i.HAL_ETH_RxCpltCallback  ethernetif.o
    0x08000fd8   0x00000084   Code   RO         2491    i.HAL_ETH_Start     stm32f4xx_hal_eth.o
    0x0800105c   0x00000108   Code   RO         2493    i.HAL_ETH_TransmitFrame  stm32f4xx_hal_eth.o
    0x08001164   0x00000002   Code   RO         2494    i.HAL_ETH_TxCpltCallback  stm32f4xx_hal_eth.o
    0x08001166   0x00000002   PAD
    0x08001168   0x00000078   Code   RO         2495    i.HAL_ETH_WritePHYRegister  stm32f4xx_hal_eth.o
    0x080011e0   0x000001cc   Code   RO         3012    i.HAL_GPIO_Init     stm32f4xx_hal_gpio.o
    0x080013ac   0x00000008   Code   RO         3015    i.HAL_GPIO_TogglePin  stm32f4xx_hal_gpio.o
    0x080013b4   0x0000000a   Code   RO         3016    i.HAL_GPIO_WritePin  stm32f4xx_hal_gpio.o
    0x080013be   0x00000002   PAD
    0x080013c0   0x0000000c   Code   RO         3226    i.HAL_GetTick       stm32f4xx_hal.o
    0x080013cc   0x00000002   Code   RO         3490    i.HAL_I2C_AbortCpltCallback  stm32f4xx_hal_i2c.o
    0x080013ce   0x00000002   Code   RO         3491    i.HAL_I2C_AddrCallback  stm32f4xx_hal_i2c.o
    0x080013d0   0x000000c4   Code   RO         3494    i.HAL_I2C_ER_IRQHandler  stm32f4xx_hal_i2c.o
    0x08001494   0x000001f0   Code   RO         3495    i.HAL_I2C_EV_IRQHandler  stm32f4xx_hal_i2c.o
    0x08001684   0x00000002   Code   RO         3497    i.HAL_I2C_ErrorCallback  stm32f4xx_hal_i2c.o
    0x08001686   0x00000006   Code   RO         3500    i.HAL_I2C_GetState  stm32f4xx_hal_i2c.o
    0x0800168c   0x00000108   Code   RO         3501    i.HAL_I2C_Init      stm32f4xx_hal_i2c.o
    0x08001794   0x00000002   Code   RO         3503    i.HAL_I2C_ListenCpltCallback  stm32f4xx_hal_i2c.o
    0x08001796   0x00000002   Code   RO         3504    i.HAL_I2C_MasterRxCpltCallback  stm32f4xx_hal_i2c.o
    0x08001798   0x00000002   Code   RO         3505    i.HAL_I2C_MasterTxCpltCallback  stm32f4xx_hal_i2c.o
    0x0800179a   0x00000002   PAD
    0x0800179c   0x00000128   Code   RO         3513    i.HAL_I2C_Master_Transmit_DMA  stm32f4xx_hal_i2c.o
    0x080018c4   0x00000002   Code   RO         3515    i.HAL_I2C_MemRxCpltCallback  stm32f4xx_hal_i2c.o
    0x080018c6   0x00000002   Code   RO         3516    i.HAL_I2C_MemTxCpltCallback  stm32f4xx_hal_i2c.o
    0x080018c8   0x0000010c   Code   RO         4943    i.HAL_I2C_MspInit   stm32f4xx_hal_msp.o
    0x080019d4   0x00000002   Code   RO         3525    i.HAL_I2C_SlaveRxCpltCallback  stm32f4xx_hal_i2c.o
    0x080019d6   0x00000002   Code   RO         3526    i.HAL_I2C_SlaveTxCpltCallback  stm32f4xx_hal_i2c.o
    0x080019d8   0x00000010   Code   RO         3230    i.HAL_IncTick       stm32f4xx_hal.o
    0x080019e8   0x00000034   Code   RO         3231    i.HAL_Init          stm32f4xx_hal.o
    0x08001a1c   0x00000040   Code   RO         3232    i.HAL_InitTick      stm32f4xx_hal.o
    0x08001a5c   0x00000058   Code   RO         4944    i.HAL_MspInit       stm32f4xx_hal_msp.o
    0x08001ab4   0x00000016   Code   RO         2271    i.HAL_NVIC_EnableIRQ  stm32f4xx_hal_cortex.o
    0x08001aca   0x00000002   PAD
    0x08001acc   0x00000040   Code   RO         2277    i.HAL_NVIC_SetPriority  stm32f4xx_hal_cortex.o
    0x08001b0c   0x00000024   Code   RO         2278    i.HAL_NVIC_SetPriorityGrouping  stm32f4xx_hal_cortex.o
    0x08001b30   0x00000008   Code   RO         3181    i.HAL_PCDEx_SetRxFiFo  stm32f4xx_hal_pcd_ex.o
    0x08001b38   0x00000044   Code   RO         3182    i.HAL_PCDEx_SetTxFiFo  stm32f4xx_hal_pcd_ex.o
    0x08001b7c   0x00000008   Code   RO         5352    i.HAL_PCD_ConnectCallback  usbd_conf.o
    0x08001b84   0x00000012   Code   RO         5353    i.HAL_PCD_DataInStageCallback  usbd_conf.o
    0x08001b96   0x00000014   Code   RO         5354    i.HAL_PCD_DataOutStageCallback  usbd_conf.o
    0x08001baa   0x00000008   Code   RO         5355    i.HAL_PCD_DisconnectCallback  usbd_conf.o
    0x08001bb2   0x00000044   Code   RO         4051    i.HAL_PCD_EP_Close  stm32f4xx_hal_pcd.o
    0x08001bf6   0x00000050   Code   RO         4052    i.HAL_PCD_EP_ClrStall  stm32f4xx_hal_pcd.o
    0x08001c46   0x00000014   Code   RO         4054    i.HAL_PCD_EP_GetRxCount  stm32f4xx_hal_pcd.o
    0x08001c5a   0x00000054   Code   RO         4055    i.HAL_PCD_EP_Open   stm32f4xx_hal_pcd.o
    0x08001cae   0x00000048   Code   RO         4056    i.HAL_PCD_EP_Receive  stm32f4xx_hal_pcd.o
    0x08001cf6   0x00000060   Code   RO         4057    i.HAL_PCD_EP_SetStall  stm32f4xx_hal_pcd.o
    0x08001d56   0x00000040   Code   RO         4058    i.HAL_PCD_EP_Transmit  stm32f4xx_hal_pcd.o
    0x08001d96   0x00000002   PAD
    0x08001d98   0x000004f4   Code   RO         4060    i.HAL_PCD_IRQHandler  stm32f4xx_hal_pcd.o
    0x0800228c   0x00000008   Code   RO         5356    i.HAL_PCD_ISOINIncompleteCallback  usbd_conf.o
    0x08002294   0x00000008   Code   RO         5357    i.HAL_PCD_ISOOUTIncompleteCallback  usbd_conf.o
    0x0800229c   0x000000be   Code   RO         4063    i.HAL_PCD_Init      stm32f4xx_hal_pcd.o
    0x0800235a   0x00000002   PAD
    0x0800235c   0x00000078   Code   RO         5359    i.HAL_PCD_MspInit   usbd_conf.o
    0x080023d4   0x00000020   Code   RO         5360    i.HAL_PCD_ResetCallback  usbd_conf.o
    0x080023f4   0x00000008   Code   RO         5361    i.HAL_PCD_ResumeCallback  usbd_conf.o
    0x080023fc   0x00000008   Code   RO         5362    i.HAL_PCD_SOFCallback  usbd_conf.o
    0x08002404   0x00000024   Code   RO         4069    i.HAL_PCD_SetAddress  stm32f4xx_hal_pcd.o
    0x08002428   0x0000000e   Code   RO         5363    i.HAL_PCD_SetupStageCallback  usbd_conf.o
    0x08002436   0x0000002a   Code   RO         4071    i.HAL_PCD_Start     stm32f4xx_hal_pcd.o
    0x08002460   0x00000030   Code   RO         5364    i.HAL_PCD_SuspendCallback  usbd_conf.o
    0x08002490   0x00000130   Code   RO         2147    i.HAL_RCC_ClockConfig  stm32f4xx_hal_rcc.o
    0x080025c0   0x0000000c   Code   RO         2152    i.HAL_RCC_GetHCLKFreq  stm32f4xx_hal_rcc.o
    0x080025cc   0x00000020   Code   RO         2154    i.HAL_RCC_GetPCLK1Freq  stm32f4xx_hal_rcc.o
    0x080025ec   0x00000020   Code   RO         2155    i.HAL_RCC_GetPCLK2Freq  stm32f4xx_hal_rcc.o
    0x0800260c   0x00000060   Code   RO         2156    i.HAL_RCC_GetSysClockFreq  stm32f4xx_hal_rcc.o
    0x0800266c   0x0000031c   Code   RO         2159    i.HAL_RCC_OscConfig  stm32f4xx_hal_rcc.o
    0x08002988   0x00000030   Code   RO         3402    i.HAL_RNG_Init      stm32f4xx_hal_rng.o
    0x080029b8   0x00000028   Code   RO         4946    i.HAL_RNG_MspInit   stm32f4xx_hal_msp.o
    0x080029e0   0x00000080   Code   RO         1720    i.HAL_SPI_Init      stm32f4xx_hal_spi.o
    0x08002a60   0x0000004c   Code   RO         4948    i.HAL_SPI_MspInit   stm32f4xx_hal_msp.o
    0x08002aac   0x00000168   Code   RO         1728    i.HAL_SPI_Transmit  stm32f4xx_hal_spi.o
    0x08002c14   0x000001d8   Code   RO         1729    i.HAL_SPI_TransmitReceive  stm32f4xx_hal_spi.o
    0x08002dec   0x00000018   Code   RO         2280    i.HAL_SYSTICK_CLKSourceConfig  stm32f4xx_hal_cortex.o
    0x08002e04   0x00000028   Code   RO         2282    i.HAL_SYSTICK_Config  stm32f4xx_hal_cortex.o
    0x08002e2c   0x00000002   Code   RO         1333    i.HAL_UART_ErrorCallback  stm32f4xx_hal_uart.o
    0x08002e2e   0x00000002   PAD
    0x08002e30   0x00000110   Code   RO         1336    i.HAL_UART_IRQHandler  stm32f4xx_hal_uart.o
    0x08002f40   0x00000062   Code   RO         1337    i.HAL_UART_Init     stm32f4xx_hal_uart.o
    0x08002fa2   0x00000002   PAD
    0x08002fa4   0x000000f4   Code   RO         4950    i.HAL_UART_MspInit  stm32f4xx_hal_msp.o
    0x08003098   0x00000002   Code   RO         1343    i.HAL_UART_RxCpltCallback  stm32f4xx_hal_uart.o
    0x0800309a   0x00000002   Code   RO         1348    i.HAL_UART_TxCpltCallback  stm32f4xx_hal_uart.o
    0x0800309c   0x0000000c   Code   RO         5019    i.I2C2_ER_IRQHandler  stm32f4xx_it.o
    0x080030a8   0x0000000c   Code   RO         5020    i.I2C2_EV_IRQHandler  stm32f4xx_it.o
    0x080030b4   0x0000004e   Code   RO         3535    i.I2C_DMAAbort      stm32f4xx_hal_i2c.o
    0x08003102   0x00000034   Code   RO         3536    i.I2C_DMAError      stm32f4xx_hal_i2c.o
    0x08003136   0x00000086   Code   RO         3537    i.I2C_DMAXferCplt   stm32f4xx_hal_i2c.o
    0x080031bc   0x00000124   Code   RO         3538    i.I2C_ITError       stm32f4xx_hal_i2c.o
    0x080032e0   0x000000be   Code   RO         3540    i.I2C_MasterReceive_BTF  stm32f4xx_hal_i2c.o
    0x0800339e   0x00000084   Code   RO         3541    i.I2C_MasterReceive_RXNE  stm32f4xx_hal_i2c.o
    0x08003422   0x00000080   Code   RO         3544    i.I2C_MasterTransmit_BTF  stm32f4xx_hal_i2c.o
    0x080034a2   0x00000002   PAD
    0x080034a4   0x00000108   Code   RO         3545    i.I2C_MasterTransmit_TXE  stm32f4xx_hal_i2c.o
    0x080035ac   0x000000f4   Code   RO         3546    i.I2C_Master_ADDR   stm32f4xx_hal_i2c.o
    0x080036a0   0x0000005a   Code   RO         3547    i.I2C_Master_SB     stm32f4xx_hal_i2c.o
    0x080036fa   0x00000002   PAD
    0x080036fc   0x00000084   Code   RO         3550    i.I2C_Slave_AF      stm32f4xx_hal_i2c.o
    0x08003780   0x000000dc   Code   RO         3551    i.I2C_Slave_STOPF   stm32f4xx_hal_i2c.o
    0x0800385c   0x00000024   Code   RO         9889    i.ITM_SendChar      retarget_io.o
    0x08003880   0x0000001a   Code   RO         5666    i.MFRC522_AntennaOn  rc522.o
    0x0800389a   0x00000042   Code   RO         5667    i.MFRC522_Anticoll  rc522.o
    0x080038dc   0x0000005e   Code   RO         5669    i.MFRC522_CalculateCRC  rc522.o
    0x0800393a   0x00000020   Code   RO         5670    i.MFRC522_Check     rc522.o
    0x0800395a   0x00000018   Code   RO         5671    i.MFRC522_CheckModule  rc522.o
    0x08003972   0x00000018   Code   RO         5672    i.MFRC522_ClearBitMask  rc522.o
    0x0800398a   0x0000002c   Code   RO         5674    i.MFRC522_Halt      rc522.o
    0x080039b6   0x00000002   PAD
    0x080039b8   0x00000058   Code   RO         5675    i.MFRC522_Init      rc522.o
    0x08003a10   0x00000018   Code   RO         5677    i.MFRC522_ReadRegister  rc522.o
    0x08003a28   0x0000002e   Code   RO         5678    i.MFRC522_Request   rc522.o
    0x08003a56   0x00000008   Code   RO         5679    i.MFRC522_Reset     rc522.o
    0x08003a5e   0x00000018   Code   RO         5681    i.MFRC522_SetBitMask  rc522.o
    0x08003a76   0x00000118   Code   RO         5682    i.MFRC522_ToCard    rc522.o
    0x08003b8e   0x0000000a   Code   RO         5684    i.MFRC522_WriteRegister  rc522.o
    0x08003b98   0x0000012c   Code   RO         5091    i.MX_GPIO_Init      main.o
    0x08003cc4   0x00000038   Code   RO         5092    i.MX_I2C2_Init      main.o
    0x08003cfc   0x000000f4   Code   RO         5250    i.MX_LWIP_Init      lwip.o
    0x08003df0   0x00000040   Code   RO         5093    i.MX_SPI4_Init      main.o
    0x08003e30   0x00000038   Code   RO         5318    i.MX_USB_DEVICE_Init  usb_device.o
    0x08003e68   0x00000020   Code   RO         2284    i.NVIC_SetPriority  stm32f4xx_hal_cortex.o
    0x08003e88   0x0000000c   Code   RO         5021    i.OTG_FS_IRQHandler  stm32f4xx_it.o
    0x08003e94   0x00000088   Code   RO         4074    i.PCD_WriteEmptyTxFifo  stm32f4xx_hal_pcd.o
    0x08003f1c   0x00000010   Code   RO         5615    i.RFID_check_connection  rfid.o
    0x08003f2c   0x00000024   Code   RO         5616    i.RFID_init         rfid.o
    0x08003f50   0x0000002c   Code   RO         5617    i.RFID_start        rfid.o
    0x08003f7c   0x0000004c   Code   RO         5685    i.SPI1_WriteReg     rc522.o
    0x08003fc8   0x00000020   Code   RO         1744    i.SPI_CheckFlag_BSY  stm32f4xx_hal_spi.o
    0x08003fe8   0x0000004c   Code   RO         5686    i.SPI_ReadReg       rc522.o
    0x08004034   0x00000020   Code   RO         5687    i.SPI_SendByte      rc522.o
    0x08004054   0x00000024   Code   RO         5688    i.SPI_SendByteAndGet  rc522.o
    0x08004078   0x00000096   Code   RO         1762    i.SPI_WaitFlagStateUntilTimeout  stm32f4xx_hal_spi.o
    0x0800410e   0x0000000c   Code   RO         5094    i.StartDefaultTask  main.o
    0x0800411a   0x0000000e   Code   RO         5022    i.SysTick_Handler   stm32f4xx_it.o
    0x08004128   0x000000a0   Code   RO         5095    i.SystemClock_Config  main.o
    0x080041c8   0x00000054   Code   RO         4652    i.SystemInit        system_stm32f4xx.o
    0x0800421c   0x00000010   Code   RO         1350    i.UART_DMAAbortOnError  stm32f4xx_hal_uart.o
    0x0800422c   0x0000001c   Code   RO         1360    i.UART_EndRxTransfer  stm32f4xx_hal_uart.o
    0x08004248   0x0000008c   Code   RO         1362    i.UART_Receive_IT   stm32f4xx_hal_uart.o
    0x080042d4   0x000002ac   Code   RO         1363    i.UART_SetConfig    stm32f4xx_hal_uart.o
    0x08004580   0x00000062   Code   RO         1364    i.UART_Transmit_IT  stm32f4xx_hal_uart.o
    0x080045e2   0x00000002   PAD
    0x080045e4   0x00000040   Code   RO         5956    i.USART2_IRQHandler  channel.o
    0x08004624   0x00000014   Code   RO         4403    i.USBD_CDC_DataIn   usbd_cdc.o
    0x08004638   0x0000002e   Code   RO         4404    i.USBD_CDC_DataOut  usbd_cdc.o
    0x08004666   0x0000003c   Code   RO         4405    i.USBD_CDC_DeInit   usbd_cdc.o
    0x080046a2   0x00000024   Code   RO         4406    i.USBD_CDC_EP0_RxReady  usbd_cdc.o
    0x080046c6   0x00000002   PAD
    0x080046c8   0x0000000c   Code   RO         4407    i.USBD_CDC_GetDeviceQualifierDescriptor  usbd_cdc.o
    0x080046d4   0x0000000c   Code   RO         4408    i.USBD_CDC_GetFSCfgDesc  usbd_cdc.o
    0x080046e0   0x0000000c   Code   RO         4409    i.USBD_CDC_GetHSCfgDesc  usbd_cdc.o
    0x080046ec   0x0000000c   Code   RO         4410    i.USBD_CDC_GetOtherSpeedCfgDesc  usbd_cdc.o
    0x080046f8   0x00000088   Code   RO         4411    i.USBD_CDC_Init     usbd_cdc.o
    0x08004780   0x00000028   Code   RO         4412    i.USBD_CDC_ReceivePacket  usbd_cdc.o
    0x080047a8   0x00000010   Code   RO         4413    i.USBD_CDC_RegisterInterface  usbd_cdc.o
    0x080047b8   0x0000000c   Code   RO         4414    i.USBD_CDC_SetRxBuffer  usbd_cdc.o
    0x080047c4   0x00000010   Code   RO         4415    i.USBD_CDC_SetTxBuffer  usbd_cdc.o
    0x080047d4   0x00000070   Code   RO         4416    i.USBD_CDC_Setup    usbd_cdc.o
    0x08004844   0x0000000e   Code   RO         4513    i.USBD_ClrClassConfig  usbd_core.o
    0x08004852   0x00000010   Code   RO         4257    i.USBD_CtlContinueRx  usbd_ioreq.o
    0x08004862   0x00000010   Code   RO         4258    i.USBD_CtlContinueSendData  usbd_ioreq.o
    0x08004872   0x00000016   Code   RO         4338    i.USBD_CtlError     usbd_ctlreq.o
    0x08004888   0x0000001e   Code   RO         4259    i.USBD_CtlPrepareRx  usbd_ioreq.o
    0x080048a6   0x00000016   Code   RO         4260    i.USBD_CtlReceiveStatus  usbd_ioreq.o
    0x080048bc   0x0000001a   Code   RO         4261    i.USBD_CtlSendData  usbd_ioreq.o
    0x080048d6   0x00000016   Code   RO         4262    i.USBD_CtlSendStatus  usbd_ioreq.o
    0x080048ec   0x00000020   Code   RO         5547    i.USBD_FS_ConfigStrDescriptor  usbd_desc.o
    0x0800490c   0x0000000c   Code   RO         5548    i.USBD_FS_DeviceDescriptor  usbd_desc.o
    0x08004918   0x00000024   Code   RO         5549    i.USBD_FS_InterfaceStrDescriptor  usbd_desc.o
    0x0800493c   0x0000000c   Code   RO         5550    i.USBD_FS_LangIDStrDescriptor  usbd_desc.o
    0x08004948   0x0000001c   Code   RO         5551    i.USBD_FS_ManufacturerStrDescriptor  usbd_desc.o
    0x08004964   0x0000002c   Code   RO         5552    i.USBD_FS_ProductStrDescriptor  usbd_desc.o
    0x08004990   0x00000024   Code   RO         5553    i.USBD_FS_SerialStrDescriptor  usbd_desc.o
    0x080049b4   0x000000e0   Code   RO         4339    i.USBD_GetDescriptor  usbd_ctlreq.o
    0x08004a94   0x00000046   Code   RO         4340    i.USBD_GetString    usbd_ctlreq.o
    0x08004ada   0x0000002a   Code   RO         4515    i.USBD_Init         usbd_core.o
    0x08004b04   0x00000020   Code   RO         5365    i.USBD_LL_ClearStallEP  usbd_conf.o
    0x08004b24   0x00000020   Code   RO         5366    i.USBD_LL_CloseEP   usbd_conf.o
    0x08004b44   0x000000aa   Code   RO         4516    i.USBD_LL_DataInStage  usbd_core.o
    0x08004bee   0x0000006a   Code   RO         4517    i.USBD_LL_DataOutStage  usbd_core.o
    0x08004c58   0x00000004   Code   RO         4518    i.USBD_LL_DevConnected  usbd_core.o
    0x08004c5c   0x00000016   Code   RO         4519    i.USBD_LL_DevDisconnected  usbd_core.o
    0x08004c72   0x00000008   Code   RO         5370    i.USBD_LL_GetRxDataSize  usbd_conf.o
    0x08004c7a   0x00000002   PAD
    0x08004c7c   0x0000007c   Code   RO         5371    i.USBD_LL_Init      usbd_conf.o
    0x08004cf8   0x00000020   Code   RO         5372    i.USBD_LL_IsStallEP  usbd_conf.o
    0x08004d18   0x00000004   Code   RO         4520    i.USBD_LL_IsoINIncomplete  usbd_core.o
    0x08004d1c   0x00000004   Code   RO         4521    i.USBD_LL_IsoOUTIncomplete  usbd_core.o
    0x08004d20   0x00000026   Code   RO         5373    i.USBD_LL_OpenEP    usbd_conf.o
    0x08004d46   0x00000020   Code   RO         5374    i.USBD_LL_PrepareReceive  usbd_conf.o
    0x08004d66   0x0000003e   Code   RO         4522    i.USBD_LL_Reset     usbd_core.o
    0x08004da4   0x0000000c   Code   RO         4523    i.USBD_LL_Resume    usbd_core.o
    0x08004db0   0x00000018   Code   RO         4524    i.USBD_LL_SOF       usbd_core.o
    0x08004dc8   0x00000006   Code   RO         4525    i.USBD_LL_SetSpeed  usbd_core.o
    0x08004dce   0x00000020   Code   RO         5375    i.USBD_LL_SetUSBAddress  usbd_conf.o
    0x08004dee   0x0000005a   Code   RO         4526    i.USBD_LL_SetupStage  usbd_core.o
    0x08004e48   0x00000020   Code   RO         5376    i.USBD_LL_StallEP   usbd_conf.o
    0x08004e68   0x00000020   Code   RO         5377    i.USBD_LL_Start     usbd_conf.o
    0x08004e88   0x00000012   Code   RO         4527    i.USBD_LL_Suspend   usbd_core.o
    0x08004e9a   0x00000020   Code   RO         5379    i.USBD_LL_Transmit  usbd_conf.o
    0x08004eba   0x00000028   Code   RO         4341    i.USBD_ParseSetupRequest  usbd_ctlreq.o
    0x08004ee2   0x00000010   Code   RO         4528    i.USBD_RegisterClass  usbd_core.o
    0x08004ef2   0x00000016   Code   RO         4530    i.USBD_SetClassConfig  usbd_core.o
    0x08004f08   0x00000074   Code   RO         4342    i.USBD_SetConfig    usbd_ctlreq.o
    0x08004f7c   0x0000000a   Code   RO         4531    i.USBD_Start        usbd_core.o
    0x08004f86   0x000000f2   Code   RO         4343    i.USBD_StdDevReq    usbd_ctlreq.o
    0x08005078   0x000000dc   Code   RO         4344    i.USBD_StdEPReq     usbd_ctlreq.o
    0x08005154   0x00000034   Code   RO         4345    i.USBD_StdItfReq    usbd_ctlreq.o
    0x08005188   0x00000080   Code   RO         2727    i.USB_ActivateEndpoint  stm32f4xx_ll_usb.o
    0x08005208   0x00000034   Code   RO         2728    i.USB_ActivateSetup  stm32f4xx_ll_usb.o
    0x0800523c   0x0000006c   Code   RO         2730    i.USB_CoreInit      stm32f4xx_ll_usb.o
    0x080052a8   0x00000038   Code   RO         2731    i.USB_CoreReset     stm32f4xx_ll_usb.o
    0x080052e0   0x000000c8   Code   RO         2733    i.USB_DeactivateEndpoint  stm32f4xx_ll_usb.o
    0x080053a8   0x00000018   Code   RO         2734    i.USB_DevConnect    stm32f4xx_ll_usb.o
    0x080053c0   0x00000018   Code   RO         2735    i.USB_DevDisconnect  stm32f4xx_ll_usb.o
    0x080053d8   0x00000140   Code   RO         2736    i.USB_DevInit       stm32f4xx_ll_usb.o
    0x08005518   0x0000000c   Code   RO         2737    i.USB_DisableGlobalInt  stm32f4xx_ll_usb.o
    0x08005524   0x00000140   Code   RO         2740    i.USB_EP0StartXfer  stm32f4xx_ll_usb.o
    0x08005664   0x0000003e   Code   RO         2741    i.USB_EP0_OutStart  stm32f4xx_ll_usb.o
    0x080056a2   0x00000064   Code   RO         2742    i.USB_EPClearStall  stm32f4xx_ll_usb.o
    0x08005706   0x0000005e   Code   RO         2743    i.USB_EPSetStall    stm32f4xx_ll_usb.o
    0x08005764   0x0000021c   Code   RO         2744    i.USB_EPStartXfer   stm32f4xx_ll_usb.o
    0x08005980   0x0000000c   Code   RO         2745    i.USB_EnableGlobalInt  stm32f4xx_ll_usb.o
    0x0800598c   0x00000020   Code   RO         2746    i.USB_FlushRxFifo   stm32f4xx_ll_usb.o
    0x080059ac   0x00000024   Code   RO         2747    i.USB_FlushTxFifo   stm32f4xx_ll_usb.o
    0x080059d0   0x0000003c   Code   RO         2749    i.USB_GetDevSpeed   stm32f4xx_ll_usb.o
    0x08005a0c   0x00000008   Code   RO         2751    i.USB_GetMode       stm32f4xx_ll_usb.o
    0x08005a14   0x0000000e   Code   RO         2758    i.USB_ReadDevAllInEpInterrupt  stm32f4xx_ll_usb.o
    0x08005a22   0x0000000e   Code   RO         2759    i.USB_ReadDevAllOutEpInterrupt  stm32f4xx_ll_usb.o
    0x08005a30   0x0000001e   Code   RO         2760    i.USB_ReadDevInEPInterrupt  stm32f4xx_ll_usb.o
    0x08005a4e   0x00000010   Code   RO         2761    i.USB_ReadDevOutEPInterrupt  stm32f4xx_ll_usb.o
    0x08005a5e   0x00000008   Code   RO         2762    i.USB_ReadInterrupts  stm32f4xx_ll_usb.o
    0x08005a66   0x00000020   Code   RO         2763    i.USB_ReadPacket    stm32f4xx_ll_usb.o
    0x08005a86   0x0000002c   Code   RO         2765    i.USB_SetCurrentMode  stm32f4xx_ll_usb.o
    0x08005ab2   0x00000022   Code   RO         2766    i.USB_SetDevAddress  stm32f4xx_ll_usb.o
    0x08005ad4   0x00000028   Code   RO         2770    i.USB_WritePacket   stm32f4xx_ll_usb.o
    0x08005afc   0x00000002   Code   RO         5096    i._Error_Handler    main.o
    0x08005afe   0x00000002   PAD
    0x08005b00   0x00000020   Code   RO        10112    i.__0printf$5       mc_w.l(printf5.o)
    0x08005b20   0x00000028   Code   RO        10114    i.__0sprintf$5      mc_w.l(printf5.o)
    0x08005b48   0x0000000e   Code   RO        10309    i.__scatterload_copy  mc_w.l(handlers.o)
    0x08005b56   0x00000002   Code   RO        10310    i.__scatterload_null  mc_w.l(handlers.o)
    0x08005b58   0x0000000e   Code   RO        10311    i.__scatterload_zeroinit  mc_w.l(handlers.o)
    0x08005b66   0x00000002   PAD
    0x08005b68   0x000002c0   Code   RO        10119    i._printf_core      mc_w.l(printf5.o)
    0x08005e28   0x0000000a   Code   RO        10121    i._sputc            mc_w.l(printf5.o)
    0x08005e32   0x00000002   PAD
    0x08005e34   0x00000038   Code   RO         5097    i.checkHardware     main.o
    0x08005e6c   0x0000001c   Code   RO         7233    i.cyclic_timer      timeouts.o
    0x08005e88   0x000000a8   Code   RO         8277    i.do_memp_free_pool  memp.o
    0x08005f30   0x000000b8   Code   RO         8278    i.do_memp_malloc_pool  memp.o
    0x08005fe8   0x00000030   Code   RO         8495    i.etharp_cleanup_netif  etharp.o
    0x08006018   0x00000258   Code   RO         8497    i.etharp_find_entry  etharp.o
    0x08006270   0x00000024   Code   RO         8498    i.etharp_free_entry  etharp.o
    0x08006294   0x00000104   Code   RO         8500    i.etharp_input      etharp.o
    0x08006398   0x000001ac   Code   RO         8501    i.etharp_output     etharp.o
    0x08006544   0x00000110   Code   RO         8502    i.etharp_output_to_arp_index  etharp.o
    0x08006654   0x000001d8   Code   RO         8503    i.etharp_query      etharp.o
    0x0800682c   0x00000170   Code   RO         8504    i.etharp_raw        etharp.o
    0x0800699c   0x0000000c   Code   RO         8505    i.etharp_request    etharp.o
    0x080069a8   0x00000020   Code   RO         8506    i.etharp_request_dst  etharp.o
    0x080069c8   0x00000060   Code   RO         8507    i.etharp_tmr        etharp.o
    0x08006a28   0x0000011c   Code   RO         8508    i.etharp_update_arp_entry  etharp.o
    0x08006b44   0x000000a0   Code   RO         8219    i.ethernet_input    ethernet.o
    0x08006be4   0x000000f8   Code   RO         8220    i.ethernet_output   ethernet.o
    0x08006cdc   0x00000088   Code   RO         4692    i.ethernetif_init   ethernetif.o
    0x08006d64   0x00000034   Code   RO         4693    i.ethernetif_input  ethernetif.o
    0x08006d98   0x00000014   Code   RO         9894    i.fputc             retarget_io.o
    0x08006dac   0x00000050   Code   RO        10240    i.free              mc_w.l(malloc.o)
    0x08006dfc   0x00000008   Code   RO         8613    i.icmp_dest_unreach  icmp.o
    0x08006e04   0x000001e4   Code   RO         8614    i.icmp_input        icmp.o
    0x08006fe8   0x0000010c   Code   RO         8615    i.icmp_send_response  icmp.o
    0x080070f4   0x00000008   Code   RO         8616    i.icmp_time_exceeded  icmp.o
    0x080070fc   0x0000000c   Code   RO          495    i.inHandlerMode     cmsis_os.o
    0x08007108   0x00000040   Code   RO         5098    i.initDisplay       main.o
    0x08007148   0x0000002e   Code   RO         8429    i.ip4_addr_isbroadcast_u32  ip4_addr.o
    0x08007176   0x00000002   PAD
    0x08007178   0x00000254   Code   RO         7585    i.ip4_frag          ip4_frag.o
    0x080073cc   0x000001a4   Code   RO         8026    i.ip4_input         ip4.o
    0x08007570   0x0000001e   Code   RO         8028    i.ip4_output_if     ip4.o
    0x0800758e   0x00000002   PAD
    0x08007590   0x0000016c   Code   RO         8029    i.ip4_output_if_src  ip4.o
    0x080076fc   0x000001b4   Code   RO         7586    i.ip4_reass         ip4_frag.o
    0x080078b0   0x0000005c   Code   RO         8030    i.ip4_route         ip4.o
    0x0800790c   0x00000090   Code   RO         7587    i.ip_frag_free_pbuf_custom_ref  ip4_frag.o
    0x0800799c   0x00000260   Code   RO         7588    i.ip_reass_chain_frag_into_datagram_and_validate  ip4_frag.o
    0x08007bfc   0x000000bc   Code   RO         7589    i.ip_reass_dequeue_datagram  ip4_frag.o
    0x08007cb8   0x00000190   Code   RO         7590    i.ip_reass_free_complete_datagram  ip4_frag.o
    0x08007e48   0x00000080   Code   RO         7591    i.ip_reass_remove_oldest_datagram  ip4_frag.o
    0x08007ec8   0x0000002c   Code   RO         7592    i.ip_reass_tmr      ip4_frag.o
    0x08007ef4   0x00000098   Code   RO         7593    i.ipfrag_free_pbuf_custom  ip4_frag.o
    0x08007f8c   0x000000b8   Code   RO         5874    i.lcdCommand        lcd_hd44780_i2c.o
    0x08008044   0x000000f8   Code   RO         5875    i.lcdInit           lcd_hd44780_i2c.o
    0x0800813c   0x00000022   Code   RO         5878    i.lcdPrintStr       lcd_hd44780_i2c.o
    0x0800815e   0x00000002   PAD
    0x08008160   0x00000030   Code   RO         5879    i.lcdSetCursorPosition  lcd_hd44780_i2c.o
    0x08008190   0x00000074   Code   RO         5880    i.lcdWriteByte      lcd_hd44780_i2c.o
    0x08008204   0x0000011c   Code   RO         4694    i.low_level_init    ethernetif.o
    0x08008320   0x000000bc   Code   RO         4695    i.low_level_input   ethernetif.o
    0x080083dc   0x000000a8   Code   RO         4696    i.low_level_output  ethernetif.o
    0x08008484   0x00000004   Code   RO         7893    i.lwip_htonl        def.o
    0x08008488   0x00000004   Code   RO         7894    i.lwip_htons        def.o
    0x0800848c   0x00000022   Code   RO         9858    i.lwip_init         init.o
    0x080084ae   0x00000002   PAD
    0x080084b0   0x0000011c   Code   RO         5099    i.main              main.o
    0x080085cc   0x00000074   Code   RO         5100    i.mainDispatcher    main.o
    0x08008640   0x0000000c   Code   RO          497    i.makeFreeRtosPriority  cmsis_os.o
    0x0800864c   0x0000006c   Code   RO        10241    i.malloc            mc_w.l(malloc.o)
    0x080086b8   0x00000138   Code   RO         7519    i.mem_free          mem.o
    0x080087f0   0x000000c4   Code   RO         7520    i.mem_init          mem.o
    0x080088b4   0x00000210   Code   RO         7521    i.mem_malloc        mem.o
    0x08008ac4   0x000001a0   Code   RO         7522    i.mem_trim          mem.o
    0x08008c64   0x0000009c   Code   RO         8279    i.memp_free         memp.o
    0x08008d00   0x00000020   Code   RO         8281    i.memp_init         memp.o
    0x08008d20   0x0000002a   Code   RO         8282    i.memp_init_pool    memp.o
    0x08008d4a   0x00000002   PAD
    0x08008d4c   0x000000a4   Code   RO         8283    i.memp_malloc       memp.o
    0x08008df0   0x000000e0   Code   RO         7354    i.netif_add         netif.o
    0x08008ed0   0x00000002   Code   RO         7356    i.netif_init        netif.o
    0x08008ed2   0x0000001a   Code   RO         7358    i.netif_issue_reports  netif.o
    0x08008eec   0x00000048   Code   RO         7360    i.netif_set_addr    netif.o
    0x08008f34   0x0000000c   Code   RO         7361    i.netif_set_default  netif.o
    0x08008f40   0x0000001a   Code   RO         7362    i.netif_set_down    netif.o
    0x08008f5a   0x00000008   Code   RO         7363    i.netif_set_gw      netif.o
    0x08008f62   0x00000002   PAD
    0x08008f64   0x00000040   Code   RO         7364    i.netif_set_ipaddr  netif.o
    0x08008fa4   0x00000008   Code   RO         7367    i.netif_set_netmask  netif.o
    0x08008fac   0x0000001c   Code   RO         7368    i.netif_set_up      netif.o
    0x08008fc8   0x0000000e   Code   RO          499    i.osDelay           cmsis_os.o
    0x08008fd6   0x0000000a   Code   RO          502    i.osKernelStart     cmsis_os.o
    0x08008fe0   0x00000018   Code   RO          503    i.osKernelSysTick   cmsis_os.o
    0x08008ff8   0x00000008   Code   RO          511    i.osMessageCreate   cmsis_os.o
    0x08009000   0x00000098   Code   RO          513    i.osMessageGet      cmsis_os.o
    0x08009098   0x0000005c   Code   RO          515    i.osMessagePut      cmsis_os.o
    0x080090f4   0x00000006   Code   RO          517    i.osMutexCreate     cmsis_os.o
    0x080090fa   0x00000002   PAD
    0x080090fc   0x00000050   Code   RO          519    i.osMutexRelease    cmsis_os.o
    0x0800914c   0x00000068   Code   RO          520    i.osMutexWait       cmsis_os.o
    0x080091b4   0x00000026   Code   RO          528    i.osSemaphoreCreate  cmsis_os.o
    0x080091da   0x00000002   PAD
    0x080091dc   0x00000050   Code   RO          531    i.osSemaphoreRelease  cmsis_os.o
    0x0800922c   0x00000068   Code   RO          532    i.osSemaphoreWait   cmsis_os.o
    0x08009294   0x00000014   Code   RO          535    i.osSystickHandler  cmsis_os.o
    0x080092a8   0x0000002e   Code   RO          536    i.osThreadCreate    cmsis_os.o
    0x080092d6   0x00000002   PAD
    0x080092d8   0x00000370   Code   RO         7056    i.pbuf_alloc        pbuf.o
    0x08009648   0x000000e0   Code   RO         7057    i.pbuf_alloced_custom  pbuf.o
    0x08009728   0x00000130   Code   RO         7058    i.pbuf_cat          pbuf.o
    0x08009858   0x00000012   Code   RO         7060    i.pbuf_clen         pbuf.o
    0x0800986a   0x00000002   PAD
    0x0800986c   0x000001ec   Code   RO         7062    i.pbuf_copy         pbuf.o
    0x08009a58   0x0000011c   Code   RO         7063    i.pbuf_copy_partial  pbuf.o
    0x08009b74   0x00000178   Code   RO         7065    i.pbuf_free         pbuf.o
    0x08009cec   0x00000034   Code   RO         7066    i.pbuf_free_ooseq_callback  pbuf.o
    0x08009d20   0x00000006   Code   RO         7068    i.pbuf_header       pbuf.o
    0x08009d26   0x00000006   Code   RO         7069    i.pbuf_header_force  pbuf.o
    0x08009d2c   0x00000124   Code   RO         7070    i.pbuf_header_impl  pbuf.o
    0x08009e50   0x00000040   Code   RO         7073    i.pbuf_pool_is_empty  pbuf.o
    0x08009e90   0x00000198   Code   RO         7075    i.pbuf_realloc      pbuf.o
    0x0800a028   0x0000009c   Code   RO         7076    i.pbuf_ref          pbuf.o
    0x0800a0c4   0x0000017c   Code   RO         7523    i.plug_holes        mem.o
    0x0800a240   0x000000a8   Code   RO         5618    i.pollingThread     rfid.o
    0x0800a2e8   0x00000094   Code   RO         5101    i.processMessageFromRFID  main.o
    0x0800a37c   0x00000070   Code   RO          101    i.prvAddCurrentTaskToDelayedList  tasks.o
    0x0800a3ec   0x000000d0   Code   RO          102    i.prvAddNewTaskToReadyList  tasks.o
    0x0800a4bc   0x00000050   Code   RO          103    i.prvCheckTasksWaitingTermination  tasks.o
    0x0800a50c   0x00000026   Code   RO          874    i.prvCopyDataFromQueue  queue.o
    0x0800a532   0x0000006c   Code   RO          875    i.prvCopyDataToQueue  queue.o
    0x0800a59e   0x00000014   Code   RO          104    i.prvDeleteTCB      tasks.o
    0x0800a5b2   0x00000002   PAD
    0x0800a5b4   0x0000004c   Code   RO           10    i.prvHeapInit       heap_4.o
    0x0800a600   0x00000028   Code   RO          105    i.prvIdleTask       tasks.o
    0x0800a628   0x0000008e   Code   RO          106    i.prvInitialiseNewTask  tasks.o
    0x0800a6b6   0x00000002   PAD
    0x0800a6b8   0x0000004c   Code   RO           11    i.prvInsertBlockIntoFreeList  heap_4.o
    0x0800a704   0x0000001c   Code   RO          876    i.prvIsQueueEmpty   queue.o
    0x0800a720   0x00000020   Code   RO          107    i.prvResetNextTaskUnblockTime  tasks.o
    0x0800a740   0x00000028   Code   RO         1011    i.prvTaskExitError  port.o
    0x0800a768   0x0000006a   Code   RO          877    i.prvUnlockQueue    queue.o
    0x0800a7d2   0x00000002   PAD
    0x0800a7d4   0x000000d8   Code   RO           12    i.pvPortMalloc      heap_4.o
    0x0800a8ac   0x00000018   Code   RO          109    i.pvTaskIncrementMutexHeldCount  tasks.o
    0x0800a8c4   0x0000002c   Code   RO         1012    i.pxPortInitialiseStack  port.o
    0x0800a8f0   0x00000044   Code   RO         7678    i.sys_arch_mbox_fetch  sys_arch.o
    0x0800a934   0x00000018   Code   RO         7680    i.sys_arch_protect  sys_arch.o
    0x0800a94c   0x0000000c   Code   RO         7682    i.sys_arch_unprotect  sys_arch.o
    0x0800a958   0x00000058   Code   RO         7234    i.sys_check_timeouts  timeouts.o
    0x0800a9b0   0x00000018   Code   RO         7683    i.sys_init          sys_arch.o
    0x0800a9c8   0x00000028   Code   RO         7685    i.sys_mbox_new      sys_arch.o
    0x0800a9f0   0x0000001a   Code   RO         7686    i.sys_mbox_post     sys_arch.o
    0x0800aa0a   0x00000014   Code   RO         7688    i.sys_mbox_trypost  sys_arch.o
    0x0800aa1e   0x0000000a   Code   RO         7689    i.sys_mbox_valid    sys_arch.o
    0x0800aa28   0x0000000a   Code   RO         7691    i.sys_mutex_lock    sys_arch.o
    0x0800aa32   0x0000001c   Code   RO         7692    i.sys_mutex_new     sys_arch.o
    0x0800aa4e   0x00000006   Code   RO         7693    i.sys_mutex_unlock  sys_arch.o
    0x0800aa54   0x00000004   Code   RO         4698    i.sys_now           ethernetif.o
    0x0800aa58   0x00000030   Code   RO         7699    i.sys_thread_new    sys_arch.o
    0x0800aa88   0x00000140   Code   RO         7236    i.sys_timeout       timeouts.o
    0x0800abc8   0x00000034   Code   RO         7237    i.sys_timeouts_init  timeouts.o
    0x0800abfc   0x00000048   Code   RO         7238    i.sys_timeouts_mbox_fetch  timeouts.o
    0x0800ac44   0x00000174   Code   RO         9472    i.tcp_abandon       tcp.o
    0x0800adb8   0x00000006   Code   RO         9473    i.tcp_abort         tcp.o
    0x0800adbe   0x00000002   PAD
    0x0800adc0   0x000000fc   Code   RO         9476    i.tcp_alloc         tcp.o
    0x0800aebc   0x00000014   Code   RO         9479    i.tcp_close         tcp.o
    0x0800aed0   0x00000188   Code   RO         9480    i.tcp_close_shutdown  tcp.o
    0x0800b058   0x000000c4   Code   RO         9481    i.tcp_close_shutdown_fin  tcp.o
    0x0800b11c   0x00000120   Code   RO         6545    i.tcp_create_segment  tcp_out.o
    0x0800b23c   0x00000022   Code   RO         9484    i.tcp_eff_send_mss_impl  tcp.o
    0x0800b25e   0x00000002   PAD
    0x0800b260   0x0000020c   Code   RO         6546    i.tcp_enqueue_flags  tcp_out.o
    0x0800b46c   0x0000006c   Code   RO         9486    i.tcp_fasttmr       tcp.o
    0x0800b4d8   0x00000030   Code   RO         6867    i.tcp_getoptbyte    tcp_in.o
    0x0800b508   0x00000002   Code   RO         9487    i.tcp_init          tcp.o
    0x0800b50a   0x00000002   PAD
    0x0800b50c   0x000005d0   Code   RO         6868    i.tcp_input         tcp_in.o
    0x0800badc   0x00000040   Code   RO         6869    i.tcp_input_delayed_close  tcp_in.o
    0x0800bb1c   0x00000052   Code   RO         6547    i.tcp_keepalive     tcp_out.o
    0x0800bb6e   0x00000002   PAD
    0x0800bb70   0x000000bc   Code   RO         9488    i.tcp_kill_state    tcp.o
    0x0800bc2c   0x000000cc   Code   RO         9489    i.tcp_listen_closed  tcp.o
    0x0800bcf8   0x000000f4   Code   RO         6870    i.tcp_listen_input  tcp_in.o
    0x0800bdec   0x0000004c   Code   RO         9492    i.tcp_netif_ip_addr_changed  tcp.o
    0x0800be38   0x00000022   Code   RO         9493    i.tcp_netif_ip_addr_changed_pcblist  tcp.o
    0x0800be5a   0x00000002   PAD
    0x0800be5c   0x00000010   Code   RO         9497    i.tcp_next_iss      tcp.o
    0x0800be6c   0x00000078   Code   RO         6871    i.tcp_oos_insert_segment  tcp_in.o
    0x0800bee4   0x000002cc   Code   RO         6548    i.tcp_output        tcp_out.o
    0x0800c1b0   0x0000010c   Code   RO         6549    i.tcp_output_alloc_header  tcp_out.o
    0x0800c2bc   0x000000a8   Code   RO         6550    i.tcp_output_segment  tcp_out.o
    0x0800c364   0x00000074   Code   RO         6872    i.tcp_parseopt      tcp_in.o
    0x0800c3d8   0x00000042   Code   RO         9498    i.tcp_pcb_purge     tcp.o
    0x0800c41a   0x00000002   PAD
    0x0800c41c   0x00000130   Code   RO         9499    i.tcp_pcb_remove    tcp.o
    0x0800c54c   0x00000484   Code   RO         6873    i.tcp_process       tcp_in.o
    0x0800c9d0   0x0000006c   Code   RO         9501    i.tcp_process_refused_data  tcp.o
    0x0800ca3c   0x00000a1e   Code   RO         6874    i.tcp_receive       tcp_in.o
    0x0800d45a   0x00000024   Code   RO         9503    i.tcp_recv_null     tcp.o
    0x0800d47e   0x00000002   PAD
    0x0800d480   0x00000110   Code   RO         9504    i.tcp_recved        tcp.o
    0x0800d590   0x00000056   Code   RO         6552    i.tcp_rexmit        tcp_out.o
    0x0800d5e6   0x00000058   Code   RO         6553    i.tcp_rexmit_fast   tcp_out.o
    0x0800d63e   0x00000032   Code   RO         6554    i.tcp_rexmit_rto    tcp_out.o
    0x0800d670   0x00000120   Code   RO         6555    i.tcp_rst           tcp_out.o
    0x0800d790   0x00000028   Code   RO         9505    i.tcp_seg_copy      tcp.o
    0x0800d7b8   0x0000001c   Code   RO         9506    i.tcp_seg_free      tcp.o
    0x0800d7d4   0x00000012   Code   RO         9507    i.tcp_segs_free     tcp.o
    0x0800d7e6   0x00000072   Code   RO         6556    i.tcp_send_empty_ack  tcp_out.o
    0x0800d858   0x00000044   Code   RO         6557    i.tcp_send_fin      tcp_out.o
    0x0800d89c   0x000004d8   Code   RO         9511    i.tcp_slowtmr       tcp.o
    0x0800dd74   0x00000034   Code   RO         7240    i.tcp_timer_needed  timeouts.o
    0x0800dda8   0x00000068   Code   RO         6875    i.tcp_timewait_input  tcp_in.o
    0x0800de10   0x00000020   Code   RO         9512    i.tcp_tmr           tcp.o
    0x0800de30   0x00000010   Code   RO         6876    i.tcp_trigger_input_pcb_close  tcp_in.o
    0x0800de40   0x000000c0   Code   RO         9514    i.tcp_update_rcv_ann_wnd  tcp.o
    0x0800df00   0x000000b4   Code   RO         6560    i.tcp_zero_window_probe  tcp_out.o
    0x0800dfb4   0x000000cc   Code   RO         8112    i.tcpip_callback_with_block  tcpip.o
    0x0800e080   0x00000110   Code   RO         8115    i.tcpip_init        tcpip.o
    0x0800e190   0x000000c0   Code   RO         8116    i.tcpip_inpkt       tcpip.o
    0x0800e250   0x0000001c   Code   RO         8117    i.tcpip_input       tcpip.o
    0x0800e26c   0x00000038   Code   RO         7241    i.tcpip_tcp_timer   timeouts.o
    0x0800e2a4   0x000000f8   Code   RO         8119    i.tcpip_thread      tcpip.o
    0x0800e39c   0x0000000c   Code   RO         5102    i.toggleBlueLed     main.o
    0x0800e3a8   0x00000002   Code   RO         9368    i.udp_init          udp.o
    0x0800e3aa   0x00000002   PAD
    0x0800e3ac   0x0000019c   Code   RO         9369    i.udp_input         udp.o
    0x0800e548   0x00000034   Code   RO         9370    i.udp_netif_ip_addr_changed  udp.o
    0x0800e57c   0x00000034   Code   RO         5962    i.usart_infifo_put  channel.o
    0x0800e5b0   0x00000024   Code   RO         1093    i.uxListRemove      list.o
    0x0800e5d4   0x00000016   Code   RO         1094    i.vListInitialise   list.o
    0x0800e5ea   0x00000006   Code   RO         1095    i.vListInitialiseItem  list.o
    0x0800e5f0   0x00000030   Code   RO         1096    i.vListInsert       list.o
    0x0800e620   0x00000018   Code   RO         1097    i.vListInsertEnd    list.o
    0x0800e638   0x00000040   Code   RO         1014    i.vPortEnterCritical  port.o
    0x0800e678   0x00000028   Code   RO         1015    i.vPortExitCritical  port.o
    0x0800e6a0   0x0000005c   Code   RO           13    i.vPortFree         heap_4.o
    0x0800e6fc   0x00000020   Code   RO         1016    i.vPortSetupTimerInterrupt  port.o
    0x0800e71c   0x00000054   Code   RO         1017    i.vPortValidateInterruptPriority  port.o
    0x0800e770   0x0000004c   Code   RO          115    i.vTaskDelay        tasks.o
    0x0800e7bc   0x0000008c   Code   RO          116    i.vTaskDelayUntil   tasks.o
    0x0800e848   0x0000000c   Code   RO          119    i.vTaskMissedYield  tasks.o
    0x0800e854   0x00000030   Code   RO          121    i.vTaskPlaceOnEventList  tasks.o
    0x0800e884   0x00000084   Code   RO          123    i.vTaskPriorityInherit  tasks.o
    0x0800e908   0x00000024   Code   RO          126    i.vTaskSetTimeOutState  tasks.o
    0x0800e92c   0x00000068   Code   RO          127    i.vTaskStartScheduler  tasks.o
    0x0800e994   0x00000010   Code   RO          129    i.vTaskSuspendAll   tasks.o
    0x0800e9a4   0x0000005c   Code   RO          130    i.vTaskSwitchContext  tasks.o
    0x0800ea00   0x000000e0   Code   RO         1018    i.xPortStartScheduler  port.o
    0x0800eae0   0x0000002c   Code   RO         1019    i.xPortSysTickHandler  port.o
    0x0800eb0c   0x00000024   Code   RO          884    i.xQueueCreateMutex  queue.o
    0x0800eb30   0x00000048   Code   RO          885    i.xQueueGenericCreate  queue.o
    0x0800eb78   0x0000016c   Code   RO          886    i.xQueueGenericReceive  queue.o
    0x0800ece4   0x00000088   Code   RO          887    i.xQueueGenericReset  queue.o
    0x0800ed6c   0x00000160   Code   RO          888    i.xQueueGenericSend  queue.o
    0x0800eecc   0x000000bc   Code   RO          889    i.xQueueGenericSendFromISR  queue.o
    0x0800ef88   0x0000009c   Code   RO          890    i.xQueueGiveFromISR  queue.o
    0x0800f024   0x0000009a   Code   RO          894    i.xQueueReceiveFromISR  queue.o
    0x0800f0be   0x00000002   PAD
    0x0800f0c0   0x0000006c   Code   RO          131    i.xTaskCheckForTimeOut  tasks.o
    0x0800f12c   0x00000056   Code   RO          132    i.xTaskCreate       tasks.o
    0x0800f182   0x00000002   PAD
    0x0800f184   0x0000001c   Code   RO          136    i.xTaskGetSchedulerState  tasks.o
    0x0800f1a0   0x0000000c   Code   RO          137    i.xTaskGetTickCount  tasks.o
    0x0800f1ac   0x00000010   Code   RO          138    i.xTaskGetTickCountFromISR  tasks.o
    0x0800f1bc   0x000000c8   Code   RO          139    i.xTaskIncrementTick  tasks.o
    0x0800f284   0x00000098   Code   RO          142    i.xTaskPriorityDisinherit  tasks.o
    0x0800f31c   0x00000074   Code   RO          143    i.xTaskRemoveFromEventList  tasks.o
    0x0800f390   0x000000c4   Code   RO          145    i.xTaskResumeAll    tasks.o
    0x0800f454   0x00000008   Data   RO         3090    .constdata          stm32f4xx_hal_dma.o
    0x0800f45c   0x00000010   Data   RO         4653    .constdata          system_stm32f4xx.o
    0x0800f46c   0x00000008   Data   RO         4654    .constdata          system_stm32f4xx.o
    0x0800f474   0x00000014   Data   RO         4700    .constdata          ethernetif.o
    0x0800f488   0x00000014   Data   RO         5108    .constdata          main.o
    0x0800f49c   0x00000014   Data   RO         5619    .constdata          rfid.o
    0x0800f4b0   0x00000004   Data   RO         5882    .constdata          lcd_hd44780_i2c.o
    0x0800f4b4   0x00000018   Data   RO         7242    .constdata          timeouts.o
    0x0800f4cc   0x0000000c   Data   RO         7700    .constdata          sys_arch.o
    0x0800f4d8   0x00000006   Data   RO         8221    .constdata          ethernet.o
    0x0800f4de   0x00000006   Data   RO         8222    .constdata          ethernet.o
    0x0800f4e4   0x0000000c   Data   RO         8298    .constdata          memp.o
    0x0800f4f0   0x0000000c   Data   RO         8299    .constdata          memp.o
    0x0800f4fc   0x0000000c   Data   RO         8300    .constdata          memp.o
    0x0800f508   0x0000000c   Data   RO         8301    .constdata          memp.o
    0x0800f514   0x0000000c   Data   RO         8302    .constdata          memp.o
    0x0800f520   0x0000000c   Data   RO         8303    .constdata          memp.o
    0x0800f52c   0x0000000c   Data   RO         8304    .constdata          memp.o
    0x0800f538   0x0000000c   Data   RO         8305    .constdata          memp.o
    0x0800f544   0x0000000c   Data   RO         8306    .constdata          memp.o
    0x0800f550   0x0000000c   Data   RO         8307    .constdata          memp.o
    0x0800f55c   0x0000000c   Data   RO         8308    .constdata          memp.o
    0x0800f568   0x0000000c   Data   RO         8309    .constdata          memp.o
    0x0800f574   0x0000000c   Data   RO         8310    .constdata          memp.o
    0x0800f580   0x00000034   Data   RO         8311    .constdata          memp.o
    0x0800f5b4   0x00000004   Data   RO         8436    .constdata          ip4_addr.o
    0x0800f5b8   0x00000054   Data   RO         9515    .constdata          tcp.o
    0x0800f60c   0x00000006   Data   RO         4701    .conststring        ethernetif.o
    0x0800f612   0x00000002   PAD
    0x0800f614   0x0000000c   Data   RO         5109    .conststring        main.o
    0x0800f620   0x00000009   Data   RO         5620    .conststring        rfid.o
    0x0800f629   0x00000003   PAD
    0x0800f62c   0x00000055   Data   RO         6561    .conststring        tcp_out.o
    0x0800f681   0x00000003   PAD
    0x0800f684   0x00000041   Data   RO         8510    .conststring        etharp.o
    0x0800f6c5   0x00000003   PAD
    0x0800f6c8   0x00000075   Data   RO         9516    .conststring        tcp.o
    0x0800f73d   0x00000003   PAD
    0x0800f740   0x00000020   Data   RO        10307    Region$$Table       anon$$obj.o


    Execution Region RW_IRAM1 (Base: 0x20000000, Size: 0x00012400, Max: 0x00030000, ABSOLUTE, COMPRESSED[0x000000cc])

    Base Addr    Size         Type   Attr      Idx    E Section Name        Object

    0x20000000   0x00000018   Data   RW           18    .data               heap_4.o
    0x20000018   0x0000003c   Data   RW          148    .data               tasks.o
    0x20000054   0x0000000c   Data   RW         1020    .data               port.o
    0x20000060   0x0000000c   Data   RW         3238    .data               stm32f4xx_hal.o
    0x2000006c   0x00000001   Data   RW         4346    .data               usbd_ctlreq.o
    0x2000006d   0x00000003   PAD
    0x20000070   0x000000db   Data   RW         4418    .data               usbd_cdc.o
    0x2000014b   0x00000001   PAD
    0x2000014c   0x00000038   Data   RW         4419    .data               usbd_cdc.o
    0x20000184   0x00000004   Data   RW         4655    .data               system_stm32f4xx.o
    0x20000188   0x00000004   Data   RW         4702    .data               ethernetif.o
    0x2000018c   0x00000010   Data   RW         4892    .data               usbd_cdc_if.o
    0x2000019c   0x00000008   Data   RW         5110    .data               main.o
    0x200001a4   0x00000018   Data   RW         5256    .data               lwip.o
    0x200001bc   0x0000001c   Data   RW         5555    .data               usbd_desc.o
    0x200001d8   0x00000016   Data   RW         5556    .data               usbd_desc.o
    0x200001ee   0x00000002   PAD
    0x200001f0   0x00000010   Data   RW         5621    .data               rfid.o
    0x20000200   0x0000000c   Data   RW         5689    .data               rc522.o
    0x2000020c   0x00000006   Data   RW         5883    .data               lcd_hd44780_i2c.o
    0x20000212   0x00000002   PAD
    0x20000214   0x00000018   Data   RW         5966    .data               channel.o
    0x2000022c   0x00000024   Data   RW         6878    .data               tcp_in.o
    0x20000250   0x00000001   Data   RW         7083    .data               pbuf.o
    0x20000251   0x00000003   PAD
    0x20000254   0x0000000c   Data   RW         7243    .data               timeouts.o
    0x20000260   0x0000000c   Data   RW         7369    .data               netif.o
    0x2000026c   0x00000010   Data   RW         7525    .data               mem.o
    0x2000027c   0x00000008   Data   RW         7594    .data               ip4_frag.o
    0x20000284   0x00000004   Data   RW         7702    .data               sys_arch.o
    0x20000288   0x00000002   Data   RW         8031    .data               ip4.o
    0x2000028a   0x00000002   PAD
    0x2000028c   0x00000010   Data   RW         8121    .data               tcpip.o
    0x2000029c   0x00000004   Data   RW         8312    .data               memp.o
    0x200002a0   0x00000004   Data   RW         8313    .data               memp.o
    0x200002a4   0x00000004   Data   RW         8314    .data               memp.o
    0x200002a8   0x00000004   Data   RW         8315    .data               memp.o
    0x200002ac   0x00000004   Data   RW         8316    .data               memp.o
    0x200002b0   0x00000004   Data   RW         8317    .data               memp.o
    0x200002b4   0x00000004   Data   RW         8318    .data               memp.o
    0x200002b8   0x00000004   Data   RW         8319    .data               memp.o
    0x200002bc   0x00000004   Data   RW         8320    .data               memp.o
    0x200002c0   0x00000004   Data   RW         8321    .data               memp.o
    0x200002c4   0x00000004   Data   RW         8322    .data               memp.o
    0x200002c8   0x00000004   Data   RW         8323    .data               memp.o
    0x200002cc   0x00000004   Data   RW         8324    .data               memp.o
    0x200002d0   0x00000001   Data   RW         8511    .data               etharp.o
    0x200002d1   0x00000003   PAD
    0x200002d4   0x00000008   Data   RW         9379    .data               udp.o
    0x200002dc   0x00000020   Data   RW         9517    .data               tcp.o
    0x200002fc   0x00000004   Data   RW         9963    .data               mc_w.l(stdout.o)
    0x20000300   0x00000004   Data   RW        10288    .data               mc_w.l(mvars.o)
    0x20000304   0x00000004   Data   RW        10289    .data               mc_w.l(mvars.o)
    0x20000308   0x00003c00   Zero   RW           17    .bss                heap_4.o
    0x20003f08   0x000000f0   Zero   RW          147    .bss                tasks.o
    0x20003ff8   0x000030e8   Zero   RW         4699    .bss                ethernetif.o
    0x200070e0   0x00001000   Zero   RW         4891    .bss                usbd_cdc_if.o
    0x200080e0   0x00000138   Zero   RW         5103    .bss                main.o
    0x20008218   0x00000060   Zero   RW         5104    .bss                main.o
    0x20008278   0x00000060   Zero   RW         5105    .bss                main.o
    0x200082d8   0x00000060   Zero   RW         5106    .bss                main.o
    0x20008338   0x00000030   Zero   RW         5255    .bss                lwip.o
    0x20008368   0x00000224   Zero   RW         5319    .bss                usb_device.o
    0x2000858c   0x000003f0   Zero   RW         5380    .bss                usbd_conf.o
    0x2000897c   0x00000200   Zero   RW         5554    .bss                usbd_desc.o
    0x20008b7c   0x0000000c   Zero   RW         5881    .bss                lcd_hd44780_i2c.o
    0x20008b88   0x00000080   Zero   RW         5963    .bss                channel.o
    0x20008c08   0x00000010   Zero   RW         6877    .bss                tcp_in.o
    0x20008c18   0x00000018   Zero   RW         7032    .bss                ip.o
    0x20008c30   0x00000653   Zero   RW         7524    .bss                mem.o
    0x20009283   0x00000083   Zero   RW         8285    .bss                memp.o
    0x20009306   0x000002fb   Zero   RW         8286    .bss                memp.o
    0x20009601   0x000000e3   Zero   RW         8287    .bss                memp.o
    0x200096e4   0x00000103   Zero   RW         8288    .bss                memp.o
    0x200097e7   0x000000a3   Zero   RW         8289    .bss                memp.o
    0x2000988a   0x0000016b   Zero   RW         8290    .bss                memp.o
    0x200099f5   0x00000023   Zero   RW         8291    .bss                memp.o
    0x20009a18   0x000000b3   Zero   RW         8292    .bss                memp.o
    0x20009acb   0x00000083   Zero   RW         8293    .bss                memp.o
    0x20009b4e   0x00000083   Zero   RW         8294    .bss                memp.o
    0x20009bd1   0x00000033   Zero   RW         8295    .bss                memp.o
    0x20009c04   0x00000103   Zero   RW         8296    .bss                memp.o
    0x20009d07   0x00002603   Zero   RW         8297    .bss                memp.o
    0x2000c30a   0x00000002   PAD
    0x2000c30c   0x000000f0   Zero   RW         8509    .bss                etharp.o
    0x2000c3fc   0x00000004   PAD
    0x2000c400   0x00002000   Zero   RW            2    HEAP                startup_stm32f429xx.o
    0x2000e400   0x00004000   Zero   RW            1    STACK               startup_stm32f429xx.o


==============================================================================

Image component sizes


      Code (inc. data)   RO Data    RW Data    ZI Data      Debug   Object Name

         0          0          0          0          0       5675   api_lib.o
         0          0          0          0          0       4131   api_msg.o
       128         20          0         24        128       2793   channel.o
         0          0          0          0          0       1620   chap-md5.o
       802         32          0          0          0      25304   cmsis_os.o
         8          0          0          0          0       1114   def.o
       170          0          0          0          0       3566   display.o
         0          0          0          0          0       2324   err.o
      2908       1172         65          1        240      12687   etharp.o
       408        156         12          0          0       2714   ethernet.o
      1040        154         26          4      12520      27767   ethernetif.o
       460         24          0         24      15360      15487   heap_4.o
       768        350          0          0          0       4402   icmp.o
        34          0          0          0          0        580   init.o
         0          0          0          0         24       3054   ip.o
       906        180          0          2          0       5092   ip4.o
        46          0          4          0          0       6990   ip4_addr.o
      2696       1024          0          8          0      11558   ip4_frag.o
       630         50          4          6         12       7251   lcd_hd44780_i2c.o
       136          0          0          0          0       3566   list.o
       244         18          0         24         48       1409   lwip.o
      1274        284         32          8        600      12652   main.o
      1832        918          0         16       1619       5969   mem.o
       746        500        208         52      12423      11068   memp.o
       470        132          0         12          0       9737   netif.o
      3562       1838          0          1          0      13680   pbuf.o
       758         84          0         12          0      11945   port.o
      1738         14          0          0          0      16020   queue.o
      1010         24          0         12          0      12164   rc522.o
        56          8          0          0          0       3291   retarget_io.o
       264         88         29         16          0       6067   rfid.o
        36          8        428          0      24576        840   startup_stm32f429xx.o
       180         28          0         12          0       4605   stm32f4xx_hal.o
       218         14          0          0          0      31065   stm32f4xx_hal_cortex.o
       952         16          8          0          0       7089   stm32f4xx_hal_dma.o
      2008         72          0          0          0      13136   stm32f4xx_hal_eth.o
       478         52          0          0          0       3065   stm32f4xx_hal_gpio.o
      3234         60          0          0          0      23130   stm32f4xx_hal_i2c.o
       716        132          0          0          0       3882   stm32f4xx_hal_msp.o
      2156         72          0          0          0      11389   stm32f4xx_hal_pcd.o
        76          0          0          0          0       1860   stm32f4xx_hal_pcd_ex.o
      1272         82          0          0          0       5656   stm32f4xx_hal_rcc.o
         0          0          0          0          0     768368   stm32f4xx_hal_rcc_ex.o
        48          0          0          0          0       1083   stm32f4xx_hal_rng.o
      1142          0          0          0          0       5720   stm32f4xx_hal_spi.o
      1342         14          0          0          0       7507   stm32f4xx_hal_uart.o
        98         42          0          0          0       7243   stm32f4xx_it.o
      2420         56          0          0          0      20512   stm32f4xx_ll_usb.o
       316         26         12          4          0      13176   sys_arch.o
        84         18         24          4          0       1171   system_stm32f4xx.o
      2228        190          0         60        240      35370   tasks.o
      4236       1544        201         32          0      29891   tcp.o
      5946       1226          0         36         16      20559   tcp_in.o
      2920        828         85          0          0      21570   tcp_out.o
       944        538          0         16          0       9098   tcpip.o
       668        228         24         12          0       6828   timeouts.o
         0          0          0          0          0      10560   timers.o
       466        120          0          8          0       5043   udp.o
        56         18          0          0        548        732   usb_device.o
       542         22          0        275          0      12400   usbd_cdc.o
        68         16          0         16       4096       4325   usbd_cdc_if.o
       726         38          0          0       1008      14574   usbd_conf.o
       626          0          0          0          0      12082   usbd_core.o
       986         30          0          1          0       8024   usbd_ctlreq.o
       200        104          0         50        512       5171   usbd_desc.o
       132          0          0          0          0       8904   usbd_ioreq.o

    ----------------------------------------------------------------------
     60698      12664       1208        764      73976    1387305   Object Totals
         0          0         32          0          0          0   (incl. Generated)
        84          0         14         16          6          0   (incl. Padding)

    ----------------------------------------------------------------------

      Code (inc. data)   RO Data    RW Data    ZI Data      Debug   Library Member Name

        86          0          0          0          0          0   __dczerorl2.o
         0          0          0          0          0          0   entry.o
         0          0          0          0          0          0   entry10a.o
         0          0          0          0          0          0   entry11a.o
         8          4          0          0          0          0   entry2.o
         4          0          0          0          0          0   entry5.o
         0          0          0          0          0          0   entry7b.o
         0          0          0          0          0          0   entry8b.o
         8          4          0          0          0          0   entry9a.o
        30          0          0          0          0          0   handlers.o
        36          8          0          0          0         68   init.o
        30          0          0          0          0         68   llshl.o
        32          0          0          0          0         68   llushr.o
       188         20          0          0          0        160   malloc.o
        26          0          0          0          0         80   memcmp.o
        36          0          0          0          0         68   memcpya.o
        36          0          0          0          0        108   memseta.o
         0          0          0          8          0          0   mvars.o
       786         62          0          0          0        336   printf5.o
         0          0          0          4          0          0   stdout.o
        14          0          0          0          0         68   strlen.o
        98          0          0          0          0         92   uldiv.o

    ----------------------------------------------------------------------
      1422         98          0         12          0       1116   Library Totals
         4          0          0          0          0          0   (incl. Padding)

    ----------------------------------------------------------------------

      Code (inc. data)   RO Data    RW Data    ZI Data      Debug   Library Name

      1418         98          0         12          0       1116   mc_w.l

    ----------------------------------------------------------------------
      1422         98          0         12          0       1116   Library Totals

    ----------------------------------------------------------------------

==============================================================================


      Code (inc. data)   RO Data    RW Data    ZI Data      Debug   

     62120      12762       1208        776      73976    1339385   Grand Totals
     62120      12762       1208        204      73976    1339385   ELF Image Totals (compressed)
     62120      12762       1208        204          0          0   ROM Totals

==============================================================================

    Total RO  Size (Code + RO Data)                63328 (  61.84kB)
    Total RW  Size (RW Data + ZI Data)             74752 (  73.00kB)
    Total ROM Size (Code + RO Data + RW Data)      63532 (  62.04kB)

==============================================================================

